<?xml version="1.0" encoding="utf-8"?>
<FilmData FilmNum="42">
<Film>
<Title><![CDATA[人鱼小姐-043  ]]></Title>	
<Dirt><![CDATA[李珠环  ]]></Dirt>
<Actor><![CDATA[张瑞希,金成民/金成珉/金成泽,高斗心,郑宝石,禹喜珍/禹熙真/于熙珍,李在恩,郑英淑,朴根亨/朴根炯,韩慧淑  ]]></Actor>
<Area><![CDATA[韩国  ]]></Area>
<Size><![CDATA[119  ]]></Size>
<PT><![CDATA[2009-04-29 22:40:22]]></PT>
<LT><![CDATA[41]]></LT>
<Lang><![CDATA[]]></Lang>
<Score><![CDATA[8.6]]></Score>
<Desc><![CDATA[张瑞希化身复仇女神,徘徊在爱情的复仇之间.]]></Desc>
<Ldesc><![CDATA[殷雅梨莹以首部电视剧一夜成名的作家，在她执笔的下一部电视剧，她向导演要求剧中女主角要由沈秀情来演出。两人却对内容的意见不一，产生了矛盾与不快；于是太阳日报的记者礼英--秀情的女儿，在报上指责殷雅梨莹。  而礼英即将与太阳日报总经理的儿子宙王结婚，正当沉浸在对玫瑰般未来的憧憬中，宙王却爱上了众人讨厌的剧作家殷雅梨莹。  宙王对殷雅梨莹的表白，让礼英痛苦不堪、伤心欲绝，而看着女儿这般的难过，殷津叶和秀情更加伤心，原来殷雅梨莹是津叶和前妻京惠所生，和礼英是同父异母的姊妹。  当年津叶抛弃了妻子和年幼的女儿  ]]></Ldesc>
<BIUrl><![CDATA[http://image1.webscache.com/baike/haibao/small/2007-10/202560274-147-2007-10-25%2014-50-04.jpg]]></BIUrl>
<SIUrl><![CDATA[http://image1.webscache.com/baike/haibao/navi/2007-10/202560274-147-2007-10-25%2014-50-04.jpg]]></SIUrl>
<CN><![CDATA[1]]></CN>
<BKID><![CDATA[202560274]]></BKID>
<Down>
<Url>
<ID><![CDATA[147877]]></ID>
<CI><![CDATA[1]]></CI>
<Size><![CDATA[119]]></Size>
<LT><![CDATA[41]]></LT>
<Form><![CDATA[rmvb]]></Form>
<Rate><![CDATA[395]]></Rate>
<DUrl><![CDATA[pps://oeiyzzoqedndycmv2aqa.pps/%C8%CB%D3%E3%D0%A1%BD%E3vip-43.rmvb]]></DUrl>
<VF><![CDATA[0]]></VF>
<Points><![CDATA[0]]></Points>
</Url>
</Down>
</Film>
<Film>
<Title><![CDATA[人鱼小姐-040  ]]></Title>	
<Dirt><![CDATA[李珠环  ]]></Dirt>
<Actor><![CDATA[张瑞希,金成民/金成珉/金成泽,高斗心,郑宝石,禹喜珍/禹熙真/于熙珍,李在恩,郑英淑,朴根亨/朴根炯,韩慧淑  ]]></Actor>
<Area><![CDATA[韩国  ]]></Area>
<Size><![CDATA[113  ]]></Size>
<PT><![CDATA[2009-04-29 22:35:20]]></PT>
<LT><![CDATA[39]]></LT>
<Lang><![CDATA[]]></Lang>
<Score><![CDATA[8.6]]></Score>
<Desc><![CDATA[张瑞希化身复仇女神,徘徊在爱情的复仇之间.]]></Desc>
<Ldesc><![CDATA[殷雅梨莹以首部电视剧一夜成名的作家，在她执笔的下一部电视剧，她向导演要求剧中女主角要由沈秀情来演出。两人却对内容的意见不一，产生了矛盾与不快；于是太阳日报的记者礼英--秀情的女儿，在报上指责殷雅梨莹。  而礼英即将与太阳日报总经理的儿子宙王结婚，正当沉浸在对玫瑰般未来的憧憬中，宙王却爱上了众人讨厌的剧作家殷雅梨莹。  宙王对殷雅梨莹的表白，让礼英痛苦不堪、伤心欲绝，而看着女儿这般的难过，殷津叶和秀情更加伤心，原来殷雅梨莹是津叶和前妻京惠所生，和礼英是同父异母的姊妹。  当年津叶抛弃了妻子和年幼的女儿  ]]></Ldesc>
<BIUrl><![CDATA[http://image1.webscache.com/baike/haibao/small/2007-10/202560274-147-2007-10-25%2014-50-04.jpg]]></BIUrl>
<SIUrl><![CDATA[http://image1.webscache.com/baike/haibao/navi/2007-10/202560274-147-2007-10-25%2014-50-04.jpg]]></SIUrl>
<CN><![CDATA[1]]></CN>
<BKID><![CDATA[202560274]]></BKID>
<Down>
<Url>
<ID><![CDATA[147875]]></ID>
<CI><![CDATA[1]]></CI>
<Size><![CDATA[113]]></Size>
<LT><![CDATA[39]]></LT>
<Form><![CDATA[rmvb]]></Form>
<Rate><![CDATA[395]]></Rate>
<DUrl><![CDATA[pps://hwjxefwqeb33virw2aqa.pps/%C8%CB%D3%E3%D0%A1%BD%E3vip-40.rmvb]]></DUrl>
<VF><![CDATA[0]]></VF>
<Points><![CDATA[0]]></Points>
</Url>
</Down>
</Film>
<Film>
<Title><![CDATA[人鱼小姐-044  ]]></Title>	
<Dirt><![CDATA[李珠环  ]]></Dirt>
<Actor><![CDATA[张瑞希,金成民/金成珉/金成泽,高斗心,郑宝石,禹喜珍/禹熙真/于熙珍,李在恩,郑英淑,朴根亨/朴根炯,韩慧淑  ]]></Actor>
<Area><![CDATA[韩国  ]]></Area>
<Size><![CDATA[121  ]]></Size>
<PT><![CDATA[2009-04-29 22:35:20]]></PT>
<LT><![CDATA[42]]></LT>
<Lang><![CDATA[]]></Lang>
<Score><![CDATA[8.6]]></Score>
<Desc><![CDATA[张瑞希化身复仇女神,徘徊在爱情的复仇之间.]]></Desc>
<Ldesc><![CDATA[殷雅梨莹以首部电视剧一夜成名的作家，在她执笔的下一部电视剧，她向导演要求剧中女主角要由沈秀情来演出。两人却对内容的意见不一，产生了矛盾与不快；于是太阳日报的记者礼英--秀情的女儿，在报上指责殷雅梨莹。  而礼英即将与太阳日报总经理的儿子宙王结婚，正当沉浸在对玫瑰般未来的憧憬中，宙王却爱上了众人讨厌的剧作家殷雅梨莹。  宙王对殷雅梨莹的表白，让礼英痛苦不堪、伤心欲绝，而看着女儿这般的难过，殷津叶和秀情更加伤心，原来殷雅梨莹是津叶和前妻京惠所生，和礼英是同父异母的姊妹。  当年津叶抛弃了妻子和年幼的女儿  ]]></Ldesc>
<BIUrl><![CDATA[http://image1.webscache.com/baike/haibao/small/2007-10/202560274-147-2007-10-25%2014-50-04.jpg]]></BIUrl>
<SIUrl><![CDATA[http://image1.webscache.com/baike/haibao/navi/2007-10/202560274-147-2007-10-25%2014-50-04.jpg]]></SIUrl>
<CN><![CDATA[1]]></CN>
<BKID><![CDATA[202560274]]></BKID>
<Down>
<Url>
<ID><![CDATA[147876]]></ID>
<CI><![CDATA[1]]></CI>
<Size><![CDATA[121]]></Size>
<LT><![CDATA[41]]></LT>
<Form><![CDATA[rmvb]]></Form>
<Rate><![CDATA[395]]></Rate>
<DUrl><![CDATA[pps://oeiyzwoqeb2hefo32aqa.pps/%C8%CB%D3%E3%D0%A1%BD%E3vip-44.rmvb]]></DUrl>
<VF><![CDATA[0]]></VF>
<Points><![CDATA[0]]></Points>
</Url>
</Down>
</Film>
<Film>
<Title><![CDATA[人鱼小姐-037  ]]></Title>	
<Dirt><![CDATA[李珠环  ]]></Dirt>
<Actor><![CDATA[张瑞希,金成民/金成珉/金成泽,高斗心,郑宝石,禹喜珍/禹熙真/于熙珍,李在恩,郑英淑,朴根亨/朴根炯,韩慧淑  ]]></Actor>
<Area><![CDATA[韩国  ]]></Area>
<Size><![CDATA[115  ]]></Size>
<PT><![CDATA[2009-04-29 22:25:16]]></PT>
<LT><![CDATA[40]]></LT>
<Lang><![CDATA[]]></Lang>
<Score><![CDATA[8.6]]></Score>
<Desc><![CDATA[张瑞希化身复仇女神,徘徊在爱情的复仇之间.]]></Desc>
<Ldesc><![CDATA[殷雅梨莹以首部电视剧一夜成名的作家，在她执笔的下一部电视剧，她向导演要求剧中女主角要由沈秀情来演出。两人却对内容的意见不一，产生了矛盾与不快；于是太阳日报的记者礼英--秀情的女儿，在报上指责殷雅梨莹。  而礼英即将与太阳日报总经理的儿子宙王结婚，正当沉浸在对玫瑰般未来的憧憬中，宙王却爱上了众人讨厌的剧作家殷雅梨莹。  宙王对殷雅梨莹的表白，让礼英痛苦不堪、伤心欲绝，而看着女儿这般的难过，殷津叶和秀情更加伤心，原来殷雅梨莹是津叶和前妻京惠所生，和礼英是同父异母的姊妹。  当年津叶抛弃了妻子和年幼的女儿  ]]></Ldesc>
<BIUrl><![CDATA[http://image1.webscache.com/baike/haibao/small/2007-10/202560274-147-2007-10-25%2014-50-04.jpg]]></BIUrl>
<SIUrl><![CDATA[http://image1.webscache.com/baike/haibao/navi/2007-10/202560274-147-2007-10-25%2014-50-04.jpg]]></SIUrl>
<CN><![CDATA[1]]></CN>
<BKID><![CDATA[202560274]]></BKID>
<Down>
<Url>
<ID><![CDATA[147868]]></ID>
<CI><![CDATA[1]]></CI>
<Size><![CDATA[115]]></Size>
<LT><![CDATA[40]]></LT>
<Form><![CDATA[rmvb]]></Form>
<Rate><![CDATA[395]]></Rate>
<DUrl><![CDATA[pps://n26ae3gqedndycmw2aqa.pps/%C8%CB%D3%E3%D0%A1%BD%E3vip-37.rmvb]]></DUrl>
<VF><![CDATA[0]]></VF>
<Points><![CDATA[0]]></Points>
</Url>
</Down>
</Film>
<Film>
<Title><![CDATA[人鱼小姐-042  ]]></Title>	
<Dirt><![CDATA[李珠环  ]]></Dirt>
<Actor><![CDATA[张瑞希,金成民/金成珉/金成泽,高斗心,郑宝石,禹喜珍/禹熙真/于熙珍,李在恩,郑英淑,朴根亨/朴根炯,韩慧淑  ]]></Actor>
<Area><![CDATA[韩国  ]]></Area>
<Size><![CDATA[115  ]]></Size>
<PT><![CDATA[2009-04-29 22:15:19]]></PT>
<LT><![CDATA[40]]></LT>
<Lang><![CDATA[]]></Lang>
<Score><![CDATA[8.6]]></Score>
<Desc><![CDATA[张瑞希化身复仇女神,徘徊在爱情的复仇之间.]]></Desc>
<Ldesc><![CDATA[殷雅梨莹以首部电视剧一夜成名的作家，在她执笔的下一部电视剧，她向导演要求剧中女主角要由沈秀情来演出。两人却对内容的意见不一，产生了矛盾与不快；于是太阳日报的记者礼英--秀情的女儿，在报上指责殷雅梨莹。  而礼英即将与太阳日报总经理的儿子宙王结婚，正当沉浸在对玫瑰般未来的憧憬中，宙王却爱上了众人讨厌的剧作家殷雅梨莹。  宙王对殷雅梨莹的表白，让礼英痛苦不堪、伤心欲绝，而看着女儿这般的难过，殷津叶和秀情更加伤心，原来殷雅梨莹是津叶和前妻京惠所生，和礼英是同父异母的姊妹。  当年津叶抛弃了妻子和年幼的女儿  ]]></Ldesc>
<BIUrl><![CDATA[http://image1.webscache.com/baike/haibao/small/2007-10/202560274-147-2007-10-25%2014-50-04.jpg]]></BIUrl>
<SIUrl><![CDATA[http://image1.webscache.com/baike/haibao/navi/2007-10/202560274-147-2007-10-25%2014-50-04.jpg]]></SIUrl>
<CN><![CDATA[1]]></CN>
<BKID><![CDATA[202560274]]></BKID>
<Down>
<Url>
<ID><![CDATA[147874]]></ID>
<CI><![CDATA[1]]></CI>
<Size><![CDATA[115]]></Size>
<LT><![CDATA[39]]></LT>
<Form><![CDATA[rmvb]]></Form>
<Rate><![CDATA[395]]></Rate>
<DUrl><![CDATA[pps://n26aexwqeb6s4kan2aqa.pps/%C8%CB%D3%E3%D0%A1%BD%E3vip-42.rmvb]]></DUrl>
<VF><![CDATA[0]]></VF>
<Points><![CDATA[0]]></Points>
</Url>
</Down>
</Film>
<Film>
<Title><![CDATA[人鱼小姐-041  ]]></Title>	
<Dirt><![CDATA[李珠环  ]]></Dirt>
<Actor><![CDATA[张瑞希,金成民/金成珉/金成泽,高斗心,郑宝石,禹喜珍/禹熙真/于熙珍,李在恩,郑英淑,朴根亨/朴根炯,韩慧淑  ]]></Actor>
<Area><![CDATA[韩国  ]]></Area>
<Size><![CDATA[115  ]]></Size>
<PT><![CDATA[2009-04-29 22:30:28]]></PT>
<LT><![CDATA[40]]></LT>
<Lang><![CDATA[]]></Lang>
<Score><![CDATA[8.6]]></Score>
<Desc><![CDATA[张瑞希化身复仇女神,徘徊在爱情的复仇之间.]]></Desc>
<Ldesc><![CDATA[殷雅梨莹以首部电视剧一夜成名的作家，在她执笔的下一部电视剧，她向导演要求剧中女主角要由沈秀情来演出。两人却对内容的意见不一，产生了矛盾与不快；于是太阳日报的记者礼英--秀情的女儿，在报上指责殷雅梨莹。  而礼英即将与太阳日报总经理的儿子宙王结婚，正当沉浸在对玫瑰般未来的憧憬中，宙王却爱上了众人讨厌的剧作家殷雅梨莹。  宙王对殷雅梨莹的表白，让礼英痛苦不堪、伤心欲绝，而看着女儿这般的难过，殷津叶和秀情更加伤心，原来殷雅梨莹是津叶和前妻京惠所生，和礼英是同父异母的姊妹。  当年津叶抛弃了妻子和年幼的女儿  ]]></Ldesc>
<BIUrl><![CDATA[http://image1.webscache.com/baike/haibao/small/2007-10/202560274-147-2007-10-25%2014-50-04.jpg]]></BIUrl>
<SIUrl><![CDATA[http://image1.webscache.com/baike/haibao/navi/2007-10/202560274-147-2007-10-25%2014-50-04.jpg]]></SIUrl>
<CN><![CDATA[1]]></CN>
<BKID><![CDATA[202560274]]></BKID>
<Down>
<Url>
<ID><![CDATA[147872]]></ID>
<CI><![CDATA[1]]></CI>
<Size><![CDATA[115]]></Size>
<LT><![CDATA[39]]></LT>
<Form><![CDATA[rmvb]]></Form>
<Rate><![CDATA[395]]></Rate>
<DUrl><![CDATA[pps://hwjxegwqeb33vir22aqa.pps/%C8%CB%D3%E3%D0%A1%BD%E3vip-41.rmvb]]></DUrl>
<VF><![CDATA[0]]></VF>
<Points><![CDATA[0]]></Points>
</Url>
</Down>
</Film>
<Film>
<Title><![CDATA[人鱼小姐-039  ]]></Title>	
<Dirt><![CDATA[李珠环  ]]></Dirt>
<Actor><![CDATA[张瑞希,金成民/金成珉/金成泽,高斗心,郑宝石,禹喜珍/禹熙真/于熙珍,李在恩,郑英淑,朴根亨/朴根炯,韩慧淑  ]]></Actor>
<Area><![CDATA[韩国  ]]></Area>
<Size><![CDATA[119  ]]></Size>
<PT><![CDATA[2009-04-29 22:20:22]]></PT>
<LT><![CDATA[41]]></LT>
<Lang><![CDATA[]]></Lang>
<Score><![CDATA[8.6]]></Score>
<Desc><![CDATA[张瑞希化身复仇女神,徘徊在爱情的复仇之间.]]></Desc>
<Ldesc><![CDATA[殷雅梨莹以首部电视剧一夜成名的作家，在她执笔的下一部电视剧，她向导演要求剧中女主角要由沈秀情来演出。两人却对内容的意见不一，产生了矛盾与不快；于是太阳日报的记者礼英--秀情的女儿，在报上指责殷雅梨莹。  而礼英即将与太阳日报总经理的儿子宙王结婚，正当沉浸在对玫瑰般未来的憧憬中，宙王却爱上了众人讨厌的剧作家殷雅梨莹。  宙王对殷雅梨莹的表白，让礼英痛苦不堪、伤心欲绝，而看着女儿这般的难过，殷津叶和秀情更加伤心，原来殷雅梨莹是津叶和前妻京惠所生，和礼英是同父异母的姊妹。  当年津叶抛弃了妻子和年幼的女儿  ]]></Ldesc>
<BIUrl><![CDATA[http://image1.webscache.com/baike/haibao/small/2007-10/202560274-147-2007-10-25%2014-50-04.jpg]]></BIUrl>
<SIUrl><![CDATA[http://image1.webscache.com/baike/haibao/navi/2007-10/202560274-147-2007-10-25%2014-50-04.jpg]]></SIUrl>
<CN><![CDATA[1]]></CN>
<BKID><![CDATA[202560274]]></BKID>
<Down>
<Url>
<ID><![CDATA[147869]]></ID>
<CI><![CDATA[1]]></CI>
<Size><![CDATA[119]]></Size>
<LT><![CDATA[41]]></LT>
<Form><![CDATA[rmvb]]></Form>
<Rate><![CDATA[395]]></Rate>
<DUrl><![CDATA[pps://oumzckgqeb33virx2aqa.pps/%C8%CB%D3%E3%D0%A1%BD%E3vip-39.rmvb]]></DUrl>
<VF><![CDATA[0]]></VF>
<Points><![CDATA[0]]></Points>
</Url>
</Down>
</Film>
<Film>
<Title><![CDATA[人鱼小姐-038  ]]></Title>	
<Dirt><![CDATA[李珠环  ]]></Dirt>
<Actor><![CDATA[张瑞希,金成民/金成珉/金成泽,高斗心,郑宝石,禹喜珍/禹熙真/于熙珍,李在恩,郑英淑,朴根亨/朴根炯,韩慧淑  ]]></Actor>
<Area><![CDATA[韩国  ]]></Area>
<Size><![CDATA[118  ]]></Size>
<PT><![CDATA[2009-04-29 22:45:19]]></PT>
<LT><![CDATA[41]]></LT>
<Lang><![CDATA[]]></Lang>
<Score><![CDATA[8.6]]></Score>
<Desc><![CDATA[张瑞希化身复仇女神,徘徊在爱情的复仇之间.]]></Desc>
<Ldesc><![CDATA[殷雅梨莹以首部电视剧一夜成名的作家，在她执笔的下一部电视剧，她向导演要求剧中女主角要由沈秀情来演出。两人却对内容的意见不一，产生了矛盾与不快；于是太阳日报的记者礼英--秀情的女儿，在报上指责殷雅梨莹。  而礼英即将与太阳日报总经理的儿子宙王结婚，正当沉浸在对玫瑰般未来的憧憬中，宙王却爱上了众人讨厌的剧作家殷雅梨莹。  宙王对殷雅梨莹的表白，让礼英痛苦不堪、伤心欲绝，而看着女儿这般的难过，殷津叶和秀情更加伤心，原来殷雅梨莹是津叶和前妻京惠所生，和礼英是同父异母的姊妹。  当年津叶抛弃了妻子和年幼的女儿  ]]></Ldesc>
<BIUrl><![CDATA[http://image1.webscache.com/baike/haibao/small/2007-10/202560274-147-2007-10-25%2014-50-04.jpg]]></BIUrl>
<SIUrl><![CDATA[http://image1.webscache.com/baike/haibao/navi/2007-10/202560274-147-2007-10-25%2014-50-04.jpg]]></SIUrl>
<CN><![CDATA[1]]></CN>
<BKID><![CDATA[202560274]]></BKID>
<Down>
<Url>
<ID><![CDATA[147864]]></ID>
<CI><![CDATA[1]]></CI>
<Size><![CDATA[118]]></Size>
<LT><![CDATA[40]]></LT>
<Form><![CDATA[rmvb]]></Form>
<Rate><![CDATA[395]]></Rate>
<DUrl><![CDATA[pps://n26aetgqeb2hefoi2aqa.pps/%C8%CB%D3%E3%D0%A1%BD%E3vip-38.rmvb]]></DUrl>
<VF><![CDATA[0]]></VF>
<Points><![CDATA[0]]></Points>
</Url>
</Down>
</Film>
<Film>
<Title><![CDATA[人鱼小姐-036  ]]></Title>	
<Dirt><![CDATA[李珠环  ]]></Dirt>
<Actor><![CDATA[张瑞希,金成民/金成珉/金成泽,高斗心,郑宝石,禹喜珍/禹熙真/于熙珍,李在恩,郑英淑,朴根亨/朴根炯,韩慧淑  ]]></Actor>
<Area><![CDATA[韩国  ]]></Area>
<Size><![CDATA[123  ]]></Size>
<PT><![CDATA[2009-04-29 22:20:22]]></PT>
<LT><![CDATA[43]]></LT>
<Lang><![CDATA[]]></Lang>
<Score><![CDATA[8.6]]></Score>
<Desc><![CDATA[张瑞希化身复仇女神,徘徊在爱情的复仇之间.]]></Desc>
<Ldesc><![CDATA[殷雅梨莹以首部电视剧一夜成名的作家，在她执笔的下一部电视剧，她向导演要求剧中女主角要由沈秀情来演出。两人却对内容的意见不一，产生了矛盾与不快；于是太阳日报的记者礼英--秀情的女儿，在报上指责殷雅梨莹。  而礼英即将与太阳日报总经理的儿子宙王结婚，正当沉浸在对玫瑰般未来的憧憬中，宙王却爱上了众人讨厌的剧作家殷雅梨莹。  宙王对殷雅梨莹的表白，让礼英痛苦不堪、伤心欲绝，而看着女儿这般的难过，殷津叶和秀情更加伤心，原来殷雅梨莹是津叶和前妻京惠所生，和礼英是同父异母的姊妹。  当年津叶抛弃了妻子和年幼的女儿  ]]></Ldesc>
<BIUrl><![CDATA[http://image1.webscache.com/baike/haibao/small/2007-10/202560274-147-2007-10-25%2014-50-04.jpg]]></BIUrl>
<SIUrl><![CDATA[http://image1.webscache.com/baike/haibao/navi/2007-10/202560274-147-2007-10-25%2014-50-04.jpg]]></SIUrl>
<CN><![CDATA[1]]></CN>
<BKID><![CDATA[202560274]]></BKID>
<Down>
<Url>
<ID><![CDATA[147865]]></ID>
<CI><![CDATA[1]]></CI>
<Size><![CDATA[123]]></Size>
<LT><![CDATA[42]]></LT>
<Form><![CDATA[rmvb]]></Form>
<Rate><![CDATA[395]]></Rate>
<DUrl><![CDATA[pps://hwjxeh6qea6nnujj2aqa.pps/%C8%CB%D3%E3%D0%A1%BD%E3vip-36.rmvb]]></DUrl>
<VF><![CDATA[0]]></VF>
<Points><![CDATA[0]]></Points>
</Url>
</Down>
</Film>
<Film>
<Title><![CDATA[人鱼小姐-018  ]]></Title>	
<Dirt><![CDATA[李珠环  ]]></Dirt>
<Actor><![CDATA[张瑞希,金成民/金成珉/金成泽,高斗心,郑宝石,禹喜珍/禹熙真/于熙珍,李在恩,郑英淑,朴根亨/朴根炯,韩慧淑  ]]></Actor>
<Area><![CDATA[韩国  ]]></Area>
<Size><![CDATA[119  ]]></Size>
<PT><![CDATA[2009-04-29 22:25:16]]></PT>
<LT><![CDATA[41]]></LT>
<Lang><![CDATA[]]></Lang>
<Score><![CDATA[8.6]]></Score>
<Desc><![CDATA[张瑞希化身复仇女神,徘徊在爱情的复仇之间.]]></Desc>
<Ldesc><![CDATA[殷雅梨莹以首部电视剧一夜成名的作家，在她执笔的下一部电视剧，她向导演要求剧中女主角要由沈秀情来演出。两人却对内容的意见不一，产生了矛盾与不快；于是太阳日报的记者礼英--秀情的女儿，在报上指责殷雅梨莹。  而礼英即将与太阳日报总经理的儿子宙王结婚，正当沉浸在对玫瑰般未来的憧憬中，宙王却爱上了众人讨厌的剧作家殷雅梨莹。  宙王对殷雅梨莹的表白，让礼英痛苦不堪、伤心欲绝，而看着女儿这般的难过，殷津叶和秀情更加伤心，原来殷雅梨莹是津叶和前妻京惠所生，和礼英是同父异母的姊妹。  当年津叶抛弃了妻子和年幼的女儿  ]]></Ldesc>
<BIUrl><![CDATA[http://image1.webscache.com/baike/haibao/small/2007-10/202560274-147-2007-10-25%2014-50-04.jpg]]></BIUrl>
<SIUrl><![CDATA[http://image1.webscache.com/baike/haibao/navi/2007-10/202560274-147-2007-10-25%2014-50-04.jpg]]></SIUrl>
<CN><![CDATA[1]]></CN>
<BKID><![CDATA[202560274]]></BKID>
<Down>
<Url>
<ID><![CDATA[147863]]></ID>
<CI><![CDATA[1]]></CI>
<Size><![CDATA[119]]></Size>
<LT><![CDATA[41]]></LT>
<Form><![CDATA[rmvb]]></Form>
<Rate><![CDATA[395]]></Rate>
<DUrl><![CDATA[pps://oumzcmwqeb33viri2aqa.pps/%C8%CB%D3%E3%D0%A1%BD%E3vip-18.rmvb]]></DUrl>
<VF><![CDATA[0]]></VF>
<Points><![CDATA[0]]></Points>
</Url>
</Down>
</Film>
<Film>
<Title><![CDATA[人鱼小姐-032  ]]></Title>	
<Dirt><![CDATA[李珠环  ]]></Dirt>
<Actor><![CDATA[张瑞希,金成民/金成珉/金成泽,高斗心,郑宝石,禹喜珍/禹熙真/于熙珍,李在恩,郑英淑,朴根亨/朴根炯,韩慧淑  ]]></Actor>
<Area><![CDATA[韩国  ]]></Area>
<Size><![CDATA[117  ]]></Size>
<PT><![CDATA[2009-04-29 22:20:22]]></PT>
<LT><![CDATA[41]]></LT>
<Lang><![CDATA[]]></Lang>
<Score><![CDATA[8.6]]></Score>
<Desc><![CDATA[张瑞希化身复仇女神,徘徊在爱情的复仇之间.]]></Desc>
<Ldesc><![CDATA[殷雅梨莹以首部电视剧一夜成名的作家，在她执笔的下一部电视剧，她向导演要求剧中女主角要由沈秀情来演出。两人却对内容的意见不一，产生了矛盾与不快；于是太阳日报的记者礼英--秀情的女儿，在报上指责殷雅梨莹。  而礼英即将与太阳日报总经理的儿子宙王结婚，正当沉浸在对玫瑰般未来的憧憬中，宙王却爱上了众人讨厌的剧作家殷雅梨莹。  宙王对殷雅梨莹的表白，让礼英痛苦不堪、伤心欲绝，而看着女儿这般的难过，殷津叶和秀情更加伤心，原来殷雅梨莹是津叶和前妻京惠所生，和礼英是同父异母的姊妹。  当年津叶抛弃了妻子和年幼的女儿  ]]></Ldesc>
<BIUrl><![CDATA[http://image1.webscache.com/baike/haibao/small/2007-10/202560274-147-2007-10-25%2014-50-04.jpg]]></BIUrl>
<SIUrl><![CDATA[http://image1.webscache.com/baike/haibao/navi/2007-10/202560274-147-2007-10-25%2014-50-04.jpg]]></SIUrl>
<CN><![CDATA[1]]></CN>
<BKID><![CDATA[202560274]]></BKID>
<Down>
<Url>
<ID><![CDATA[147862]]></ID>
<CI><![CDATA[1]]></CI>
<Size><![CDATA[117]]></Size>
<LT><![CDATA[40]]></LT>
<Form><![CDATA[rmvb]]></Form>
<Rate><![CDATA[395]]></Rate>
<DUrl><![CDATA[pps://n26aes6qeb2hefok2aqa.pps/%C8%CB%D3%E3%D0%A1%BD%E3vip-32.rmvb]]></DUrl>
<VF><![CDATA[0]]></VF>
<Points><![CDATA[0]]></Points>
</Url>
</Down>
</Film>
<Film>
<Title><![CDATA[人鱼小姐-012  ]]></Title>	
<Dirt><![CDATA[李珠环  ]]></Dirt>
<Actor><![CDATA[张瑞希,金成民/金成珉/金成泽,高斗心,郑宝石,禹喜珍/禹熙真/于熙珍,李在恩,郑英淑,朴根亨/朴根炯,韩慧淑  ]]></Actor>
<Area><![CDATA[韩国  ]]></Area>
<Size><![CDATA[118  ]]></Size>
<PT><![CDATA[2009-04-29 22:30:28]]></PT>
<LT><![CDATA[41]]></LT>
<Lang><![CDATA[]]></Lang>
<Score><![CDATA[8.6]]></Score>
<Desc><![CDATA[张瑞希化身复仇女神,徘徊在爱情的复仇之间.]]></Desc>
<Ldesc><![CDATA[殷雅梨莹以首部电视剧一夜成名的作家，在她执笔的下一部电视剧，她向导演要求剧中女主角要由沈秀情来演出。两人却对内容的意见不一，产生了矛盾与不快；于是太阳日报的记者礼英--秀情的女儿，在报上指责殷雅梨莹。  而礼英即将与太阳日报总经理的儿子宙王结婚，正当沉浸在对玫瑰般未来的憧憬中，宙王却爱上了众人讨厌的剧作家殷雅梨莹。  宙王对殷雅梨莹的表白，让礼英痛苦不堪、伤心欲绝，而看着女儿这般的难过，殷津叶和秀情更加伤心，原来殷雅梨莹是津叶和前妻京惠所生，和礼英是同父异母的姊妹。  当年津叶抛弃了妻子和年幼的女儿  ]]></Ldesc>
<BIUrl><![CDATA[http://image1.webscache.com/baike/haibao/small/2007-10/202560274-147-2007-10-25%2014-50-04.jpg]]></BIUrl>
<SIUrl><![CDATA[http://image1.webscache.com/baike/haibao/navi/2007-10/202560274-147-2007-10-25%2014-50-04.jpg]]></SIUrl>
<CN><![CDATA[1]]></CN>
<BKID><![CDATA[202560274]]></BKID>
<Down>
<Url>
<ID><![CDATA[147861]]></ID>
<CI><![CDATA[1]]></CI>
<Size><![CDATA[118]]></Size>
<LT><![CDATA[41]]></LT>
<Form><![CDATA[rmvb]]></Form>
<Rate><![CDATA[395]]></Rate>
<DUrl><![CDATA[pps://3jfzscwqeb6s4kbj2aqa.pps/%C8%CB%D3%E3%D0%A1%BD%E3vip-12.rmvb]]></DUrl>
<VF><![CDATA[0]]></VF>
<Points><![CDATA[0]]></Points>
</Url>
</Down>
</Film>
<Film>
<Title><![CDATA[人鱼小姐-035  ]]></Title>	
<Dirt><![CDATA[李珠环  ]]></Dirt>
<Actor><![CDATA[张瑞希,金成民/金成珉/金成泽,高斗心,郑宝石,禹喜珍/禹熙真/于熙珍,李在恩,郑英淑,朴根亨/朴根炯,韩慧淑  ]]></Actor>
<Area><![CDATA[韩国  ]]></Area>
<Size><![CDATA[113  ]]></Size>
<PT><![CDATA[2009-04-29 22:05:28]]></PT>
<LT><![CDATA[39]]></LT>
<Lang><![CDATA[]]></Lang>
<Score><![CDATA[8.6]]></Score>
<Desc><![CDATA[张瑞希化身复仇女神,徘徊在爱情的复仇之间.]]></Desc>
<Ldesc><![CDATA[殷雅梨莹以首部电视剧一夜成名的作家，在她执笔的下一部电视剧，她向导演要求剧中女主角要由沈秀情来演出。两人却对内容的意见不一，产生了矛盾与不快；于是太阳日报的记者礼英--秀情的女儿，在报上指责殷雅梨莹。  而礼英即将与太阳日报总经理的儿子宙王结婚，正当沉浸在对玫瑰般未来的憧憬中，宙王却爱上了众人讨厌的剧作家殷雅梨莹。  宙王对殷雅梨莹的表白，让礼英痛苦不堪、伤心欲绝，而看着女儿这般的难过，殷津叶和秀情更加伤心，原来殷雅梨莹是津叶和前妻京惠所生，和礼英是同父异母的姊妹。  当年津叶抛弃了妻子和年幼的女儿  ]]></Ldesc>
<BIUrl><![CDATA[http://image1.webscache.com/baike/haibao/small/2007-10/202560274-147-2007-10-25%2014-50-04.jpg]]></BIUrl>
<SIUrl><![CDATA[http://image1.webscache.com/baike/haibao/navi/2007-10/202560274-147-2007-10-25%2014-50-04.jpg]]></SIUrl>
<CN><![CDATA[1]]></CN>
<BKID><![CDATA[202560274]]></BKID>
<Down>
<Url>
<ID><![CDATA[147860]]></ID>
<CI><![CDATA[1]]></CI>
<Size><![CDATA[113]]></Size>
<LT><![CDATA[39]]></LT>
<Form><![CDATA[rmvb]]></Form>
<Rate><![CDATA[395]]></Rate>
<DUrl><![CDATA[pps://oeiyzvwqeb2hefoo2aqa.pps/%C8%CB%D3%E3%D0%A1%BD%E3vip-35.rmvb]]></DUrl>
<VF><![CDATA[0]]></VF>
<Points><![CDATA[0]]></Points>
</Url>
</Down>
</Film>
<Film>
<Title><![CDATA[人鱼小姐-033  ]]></Title>	
<Dirt><![CDATA[李珠环  ]]></Dirt>
<Actor><![CDATA[张瑞希,金成民/金成珉/金成泽,高斗心,郑宝石,禹喜珍/禹熙真/于熙珍,李在恩,郑英淑,朴根亨/朴根炯,韩慧淑  ]]></Actor>
<Area><![CDATA[韩国  ]]></Area>
<Size><![CDATA[107  ]]></Size>
<PT><![CDATA[2009-04-29 22:05:28]]></PT>
<LT><![CDATA[37]]></LT>
<Lang><![CDATA[]]></Lang>
<Score><![CDATA[8.6]]></Score>
<Desc><![CDATA[张瑞希化身复仇女神,徘徊在爱情的复仇之间.]]></Desc>
<Ldesc><![CDATA[殷雅梨莹以首部电视剧一夜成名的作家，在她执笔的下一部电视剧，她向导演要求剧中女主角要由沈秀情来演出。两人却对内容的意见不一，产生了矛盾与不快；于是太阳日报的记者礼英--秀情的女儿，在报上指责殷雅梨莹。  而礼英即将与太阳日报总经理的儿子宙王结婚，正当沉浸在对玫瑰般未来的憧憬中，宙王却爱上了众人讨厌的剧作家殷雅梨莹。  宙王对殷雅梨莹的表白，让礼英痛苦不堪、伤心欲绝，而看着女儿这般的难过，殷津叶和秀情更加伤心，原来殷雅梨莹是津叶和前妻京惠所生，和礼英是同父异母的姊妹。  当年津叶抛弃了妻子和年幼的女儿  ]]></Ldesc>
<BIUrl><![CDATA[http://image1.webscache.com/baike/haibao/small/2007-10/202560274-147-2007-10-25%2014-50-04.jpg]]></BIUrl>
<SIUrl><![CDATA[http://image1.webscache.com/baike/haibao/navi/2007-10/202560274-147-2007-10-25%2014-50-04.jpg]]></SIUrl>
<CN><![CDATA[1]]></CN>
<BKID><![CDATA[202560274]]></BKID>
<Down>
<Url>
<ID><![CDATA[147858]]></ID>
<CI><![CDATA[1]]></CI>
<Size><![CDATA[107]]></Size>
<LT><![CDATA[37]]></LT>
<Form><![CDATA[rmvb]]></Form>
<Rate><![CDATA[394]]></Rate>
<DUrl><![CDATA[pps://n26ae3oqeb6s4kau2aqa.pps/%C8%CB%D3%E3%D0%A1%BD%E3vip-33.rmvb]]></DUrl>
<VF><![CDATA[0]]></VF>
<Points><![CDATA[0]]></Points>
</Url>
</Down>
</Film>
<Film>
<Title><![CDATA[人鱼小姐-030  ]]></Title>	
<Dirt><![CDATA[李珠环  ]]></Dirt>
<Actor><![CDATA[张瑞希,金成民/金成珉/金成泽,高斗心,郑宝石,禹喜珍/禹熙真/于熙珍,李在恩,郑英淑,朴根亨/朴根炯,韩慧淑  ]]></Actor>
<Area><![CDATA[韩国  ]]></Area>
<Size><![CDATA[119  ]]></Size>
<PT><![CDATA[2009-04-29 23:00:22]]></PT>
<LT><![CDATA[41]]></LT>
<Lang><![CDATA[]]></Lang>
<Score><![CDATA[8.6]]></Score>
<Desc><![CDATA[张瑞希化身复仇女神,徘徊在爱情的复仇之间.]]></Desc>
<Ldesc><![CDATA[殷雅梨莹以首部电视剧一夜成名的作家，在她执笔的下一部电视剧，她向导演要求剧中女主角要由沈秀情来演出。两人却对内容的意见不一，产生了矛盾与不快；于是太阳日报的记者礼英--秀情的女儿，在报上指责殷雅梨莹。  而礼英即将与太阳日报总经理的儿子宙王结婚，正当沉浸在对玫瑰般未来的憧憬中，宙王却爱上了众人讨厌的剧作家殷雅梨莹。  宙王对殷雅梨莹的表白，让礼英痛苦不堪、伤心欲绝，而看着女儿这般的难过，殷津叶和秀情更加伤心，原来殷雅梨莹是津叶和前妻京惠所生，和礼英是同父异母的姊妹。  当年津叶抛弃了妻子和年幼的女儿  ]]></Ldesc>
<BIUrl><![CDATA[http://image1.webscache.com/baike/haibao/small/2007-10/202560274-147-2007-10-25%2014-50-04.jpg]]></BIUrl>
<SIUrl><![CDATA[http://image1.webscache.com/baike/haibao/navi/2007-10/202560274-147-2007-10-25%2014-50-04.jpg]]></SIUrl>
<CN><![CDATA[1]]></CN>
<BKID><![CDATA[202560274]]></BKID>
<Down>
<Url>
<ID><![CDATA[147856]]></ID>
<CI><![CDATA[1]]></CI>
<Size><![CDATA[119]]></Size>
<LT><![CDATA[41]]></LT>
<Form><![CDATA[rmvb]]></Form>
<Rate><![CDATA[395]]></Rate>
<DUrl><![CDATA[pps://n26aev6qeb2hefo22aqa.pps/%C8%CB%D3%E3%D0%A1%BD%E3vip-30.rmvb]]></DUrl>
<VF><![CDATA[0]]></VF>
<Points><![CDATA[0]]></Points>
</Url>
</Down>
</Film>
<Film>
<Title><![CDATA[人鱼小姐-024  ]]></Title>	
<Dirt><![CDATA[李珠环  ]]></Dirt>
<Actor><![CDATA[张瑞希,金成民/金成珉/金成泽,高斗心,郑宝石,禹喜珍/禹熙真/于熙珍,李在恩,郑英淑,朴根亨/朴根炯,韩慧淑  ]]></Actor>
<Area><![CDATA[韩国  ]]></Area>
<Size><![CDATA[107  ]]></Size>
<PT><![CDATA[2009-04-29 22:15:19]]></PT>
<LT><![CDATA[37]]></LT>
<Lang><![CDATA[]]></Lang>
<Score><![CDATA[8.6]]></Score>
<Desc><![CDATA[张瑞希化身复仇女神,徘徊在爱情的复仇之间.]]></Desc>
<Ldesc><![CDATA[殷雅梨莹以首部电视剧一夜成名的作家，在她执笔的下一部电视剧，她向导演要求剧中女主角要由沈秀情来演出。两人却对内容的意见不一，产生了矛盾与不快；于是太阳日报的记者礼英--秀情的女儿，在报上指责殷雅梨莹。  而礼英即将与太阳日报总经理的儿子宙王结婚，正当沉浸在对玫瑰般未来的憧憬中，宙王却爱上了众人讨厌的剧作家殷雅梨莹。  宙王对殷雅梨莹的表白，让礼英痛苦不堪、伤心欲绝，而看着女儿这般的难过，殷津叶和秀情更加伤心，原来殷雅梨莹是津叶和前妻京惠所生，和礼英是同父异母的姊妹。  当年津叶抛弃了妻子和年幼的女儿  ]]></Ldesc>
<BIUrl><![CDATA[http://image1.webscache.com/baike/haibao/small/2007-10/202560274-147-2007-10-25%2014-50-04.jpg]]></BIUrl>
<SIUrl><![CDATA[http://image1.webscache.com/baike/haibao/navi/2007-10/202560274-147-2007-10-25%2014-50-04.jpg]]></SIUrl>
<CN><![CDATA[1]]></CN>
<BKID><![CDATA[202560274]]></BKID>
<Down>
<Url>
<ID><![CDATA[147852]]></ID>
<CI><![CDATA[1]]></CI>
<Size><![CDATA[107]]></Size>
<LT><![CDATA[37]]></LT>
<Form><![CDATA[rmvb]]></Form>
<Rate><![CDATA[394]]></Rate>
<DUrl><![CDATA[pps://3iaapzgqea6nnujf2aqa.pps/%C8%CB%D3%E3%D0%A1%BD%E3vip-24.rmvb]]></DUrl>
<VF><![CDATA[0]]></VF>
<Points><![CDATA[0]]></Points>
</Url>
</Down>
</Film>
<Film>
<Title><![CDATA[人鱼小姐-025  ]]></Title>	
<Dirt><![CDATA[李珠环  ]]></Dirt>
<Actor><![CDATA[张瑞希,金成民/金成珉/金成泽,高斗心,郑宝石,禹喜珍/禹熙真/于熙珍,李在恩,郑英淑,朴根亨/朴根炯,韩慧淑  ]]></Actor>
<Area><![CDATA[韩国  ]]></Area>
<Size><![CDATA[105  ]]></Size>
<PT><![CDATA[2009-04-29 22:15:19]]></PT>
<LT><![CDATA[37]]></LT>
<Lang><![CDATA[]]></Lang>
<Score><![CDATA[8.6]]></Score>
<Desc><![CDATA[张瑞希化身复仇女神,徘徊在爱情的复仇之间.]]></Desc>
<Ldesc><![CDATA[殷雅梨莹以首部电视剧一夜成名的作家，在她执笔的下一部电视剧，她向导演要求剧中女主角要由沈秀情来演出。两人却对内容的意见不一，产生了矛盾与不快；于是太阳日报的记者礼英--秀情的女儿，在报上指责殷雅梨莹。  而礼英即将与太阳日报总经理的儿子宙王结婚，正当沉浸在对玫瑰般未来的憧憬中，宙王却爱上了众人讨厌的剧作家殷雅梨莹。  宙王对殷雅梨莹的表白，让礼英痛苦不堪、伤心欲绝，而看着女儿这般的难过，殷津叶和秀情更加伤心，原来殷雅梨莹是津叶和前妻京惠所生，和礼英是同父异母的姊妹。  当年津叶抛弃了妻子和年幼的女儿  ]]></Ldesc>
<BIUrl><![CDATA[http://image1.webscache.com/baike/haibao/small/2007-10/202560274-147-2007-10-25%2014-50-04.jpg]]></BIUrl>
<SIUrl><![CDATA[http://image1.webscache.com/baike/haibao/navi/2007-10/202560274-147-2007-10-25%2014-50-04.jpg]]></SIUrl>
<CN><![CDATA[1]]></CN>
<BKID><![CDATA[202560274]]></BKID>
<Down>
<Url>
<ID><![CDATA[147854]]></ID>
<CI><![CDATA[1]]></CI>
<Size><![CDATA[105]]></Size>
<LT><![CDATA[36]]></LT>
<Form><![CDATA[rmvb]]></Form>
<Rate><![CDATA[395]]></Rate>
<DUrl><![CDATA[pps://hwsjlmwqeb6s4kaw2aqa.pps/%C8%CB%D3%E3%D0%A1%BD%E3vip-25.rmvb]]></DUrl>
<VF><![CDATA[0]]></VF>
<Points><![CDATA[0]]></Points>
</Url>
</Down>
</Film>
<Film>
<Title><![CDATA[人鱼小姐-031  ]]></Title>	
<Dirt><![CDATA[李珠环  ]]></Dirt>
<Actor><![CDATA[张瑞希,金成民/金成珉/金成泽,高斗心,郑宝石,禹喜珍/禹熙真/于熙珍,李在恩,郑英淑,朴根亨/朴根炯,韩慧淑  ]]></Actor>
<Area><![CDATA[韩国  ]]></Area>
<Size><![CDATA[118  ]]></Size>
<PT><![CDATA[2009-04-29 22:35:20]]></PT>
<LT><![CDATA[41]]></LT>
<Lang><![CDATA[]]></Lang>
<Score><![CDATA[8.6]]></Score>
<Desc><![CDATA[张瑞希化身复仇女神,徘徊在爱情的复仇之间.]]></Desc>
<Ldesc><![CDATA[殷雅梨莹以首部电视剧一夜成名的作家，在她执笔的下一部电视剧，她向导演要求剧中女主角要由沈秀情来演出。两人却对内容的意见不一，产生了矛盾与不快；于是太阳日报的记者礼英--秀情的女儿，在报上指责殷雅梨莹。  而礼英即将与太阳日报总经理的儿子宙王结婚，正当沉浸在对玫瑰般未来的憧憬中，宙王却爱上了众人讨厌的剧作家殷雅梨莹。  宙王对殷雅梨莹的表白，让礼英痛苦不堪、伤心欲绝，而看着女儿这般的难过，殷津叶和秀情更加伤心，原来殷雅梨莹是津叶和前妻京惠所生，和礼英是同父异母的姊妹。  当年津叶抛弃了妻子和年幼的女儿  ]]></Ldesc>
<BIUrl><![CDATA[http://image1.webscache.com/baike/haibao/small/2007-10/202560274-147-2007-10-25%2014-50-04.jpg]]></BIUrl>
<SIUrl><![CDATA[http://image1.webscache.com/baike/haibao/navi/2007-10/202560274-147-2007-10-25%2014-50-04.jpg]]></SIUrl>
<CN><![CDATA[1]]></CN>
<BKID><![CDATA[202560274]]></BKID>
<Down>
<Url>
<ID><![CDATA[147853]]></ID>
<CI><![CDATA[1]]></CI>
<Size><![CDATA[118]]></Size>
<LT><![CDATA[40]]></LT>
<Form><![CDATA[rmvb]]></Form>
<Rate><![CDATA[395]]></Rate>
<DUrl><![CDATA[pps://3jfzsboqeb6s4kak2aqa.pps/%C8%CB%D3%E3%D0%A1%BD%E3vip-31.rmvb]]></DUrl>
<VF><![CDATA[0]]></VF>
<Points><![CDATA[0]]></Points>
</Url>
</Down>
</Film>
<Film>
<Title><![CDATA[人鱼小姐-029  ]]></Title>	
<Dirt><![CDATA[李珠环  ]]></Dirt>
<Actor><![CDATA[张瑞希,金成民/金成珉/金成泽,高斗心,郑宝石,禹喜珍/禹熙真/于熙珍,李在恩,郑英淑,朴根亨/朴根炯,韩慧淑  ]]></Actor>
<Area><![CDATA[韩国  ]]></Area>
<Size><![CDATA[113  ]]></Size>
<PT><![CDATA[2009-04-29 22:15:19]]></PT>
<LT><![CDATA[39]]></LT>
<Lang><![CDATA[]]></Lang>
<Score><![CDATA[8.6]]></Score>
<Desc><![CDATA[张瑞希化身复仇女神,徘徊在爱情的复仇之间.]]></Desc>
<Ldesc><![CDATA[殷雅梨莹以首部电视剧一夜成名的作家，在她执笔的下一部电视剧，她向导演要求剧中女主角要由沈秀情来演出。两人却对内容的意见不一，产生了矛盾与不快；于是太阳日报的记者礼英--秀情的女儿，在报上指责殷雅梨莹。  而礼英即将与太阳日报总经理的儿子宙王结婚，正当沉浸在对玫瑰般未来的憧憬中，宙王却爱上了众人讨厌的剧作家殷雅梨莹。  宙王对殷雅梨莹的表白，让礼英痛苦不堪、伤心欲绝，而看着女儿这般的难过，殷津叶和秀情更加伤心，原来殷雅梨莹是津叶和前妻京惠所生，和礼英是同父异母的姊妹。  当年津叶抛弃了妻子和年幼的女儿  ]]></Ldesc>
<BIUrl><![CDATA[http://image1.webscache.com/baike/haibao/small/2007-10/202560274-147-2007-10-25%2014-50-04.jpg]]></BIUrl>
<SIUrl><![CDATA[http://image1.webscache.com/baike/haibao/navi/2007-10/202560274-147-2007-10-25%2014-50-04.jpg]]></SIUrl>
<CN><![CDATA[1]]></CN>
<BKID><![CDATA[202560274]]></BKID>
<Down>
<Url>
<ID><![CDATA[147850]]></ID>
<CI><![CDATA[1]]></CI>
<Size><![CDATA[113]]></Size>
<LT><![CDATA[39]]></LT>
<Form><![CDATA[rmvb]]></Form>
<Rate><![CDATA[395]]></Rate>
<DUrl><![CDATA[pps://oumzclwqeb6s4kbd2aqa.pps/%C8%CB%D3%E3%D0%A1%BD%E3vip-29.rmvb]]></DUrl>
<VF><![CDATA[0]]></VF>
<Points><![CDATA[0]]></Points>
</Url>
</Down>
</Film>
<Film>
<Title><![CDATA[人鱼小姐-028  ]]></Title>	
<Dirt><![CDATA[李珠环  ]]></Dirt>
<Actor><![CDATA[张瑞希,金成民/金成珉/金成泽,高斗心,郑宝石,禹喜珍/禹熙真/于熙珍,李在恩,郑英淑,朴根亨/朴根炯,韩慧淑  ]]></Actor>
<Area><![CDATA[韩国  ]]></Area>
<Size><![CDATA[108  ]]></Size>
<PT><![CDATA[2009-04-29 22:10:37]]></PT>
<LT><![CDATA[38]]></LT>
<Lang><![CDATA[]]></Lang>
<Score><![CDATA[8.6]]></Score>
<Desc><![CDATA[张瑞希化身复仇女神,徘徊在爱情的复仇之间.]]></Desc>
<Ldesc><![CDATA[殷雅梨莹以首部电视剧一夜成名的作家，在她执笔的下一部电视剧，她向导演要求剧中女主角要由沈秀情来演出。两人却对内容的意见不一，产生了矛盾与不快；于是太阳日报的记者礼英--秀情的女儿，在报上指责殷雅梨莹。  而礼英即将与太阳日报总经理的儿子宙王结婚，正当沉浸在对玫瑰般未来的憧憬中，宙王却爱上了众人讨厌的剧作家殷雅梨莹。  宙王对殷雅梨莹的表白，让礼英痛苦不堪、伤心欲绝，而看着女儿这般的难过，殷津叶和秀情更加伤心，原来殷雅梨莹是津叶和前妻京惠所生，和礼英是同父异母的姊妹。  当年津叶抛弃了妻子和年幼的女儿  ]]></Ldesc>
<BIUrl><![CDATA[http://image1.webscache.com/baike/haibao/small/2007-10/202560274-147-2007-10-25%2014-50-04.jpg]]></BIUrl>
<SIUrl><![CDATA[http://image1.webscache.com/baike/haibao/navi/2007-10/202560274-147-2007-10-25%2014-50-04.jpg]]></SIUrl>
<CN><![CDATA[1]]></CN>
<BKID><![CDATA[202560274]]></BKID>
<Down>
<Url>
<ID><![CDATA[147855]]></ID>
<CI><![CDATA[1]]></CI>
<Size><![CDATA[108]]></Size>
<LT><![CDATA[37]]></LT>
<Form><![CDATA[rmvb]]></Form>
<Rate><![CDATA[395]]></Rate>
<DUrl><![CDATA[pps://hwsjlkgqeb33virj2aqa.pps/%C8%CB%D3%E3%D0%A1%BD%E3vip-28.rmvb]]></DUrl>
<VF><![CDATA[0]]></VF>
<Points><![CDATA[0]]></Points>
</Url>
</Down>
</Film>
<Film>
<Title><![CDATA[人鱼小姐-027  ]]></Title>	
<Dirt><![CDATA[李珠环  ]]></Dirt>
<Actor><![CDATA[张瑞希,金成民/金成珉/金成泽,高斗心,郑宝石,禹喜珍/禹熙真/于熙珍,李在恩,郑英淑,朴根亨/朴根炯,韩慧淑  ]]></Actor>
<Area><![CDATA[韩国  ]]></Area>
<Size><![CDATA[105  ]]></Size>
<PT><![CDATA[2009-04-29 22:10:37]]></PT>
<LT><![CDATA[36]]></LT>
<Lang><![CDATA[]]></Lang>
<Score><![CDATA[8.6]]></Score>
<Desc><![CDATA[张瑞希化身复仇女神,徘徊在爱情的复仇之间.]]></Desc>
<Ldesc><![CDATA[殷雅梨莹以首部电视剧一夜成名的作家，在她执笔的下一部电视剧，她向导演要求剧中女主角要由沈秀情来演出。两人却对内容的意见不一，产生了矛盾与不快；于是太阳日报的记者礼英--秀情的女儿，在报上指责殷雅梨莹。  而礼英即将与太阳日报总经理的儿子宙王结婚，正当沉浸在对玫瑰般未来的憧憬中，宙王却爱上了众人讨厌的剧作家殷雅梨莹。  宙王对殷雅梨莹的表白，让礼英痛苦不堪、伤心欲绝，而看着女儿这般的难过，殷津叶和秀情更加伤心，原来殷雅梨莹是津叶和前妻京惠所生，和礼英是同父异母的姊妹。  当年津叶抛弃了妻子和年幼的女儿  ]]></Ldesc>
<BIUrl><![CDATA[http://image1.webscache.com/baike/haibao/small/2007-10/202560274-147-2007-10-25%2014-50-04.jpg]]></BIUrl>
<SIUrl><![CDATA[http://image1.webscache.com/baike/haibao/navi/2007-10/202560274-147-2007-10-25%2014-50-04.jpg]]></SIUrl>
<CN><![CDATA[1]]></CN>
<BKID><![CDATA[202560274]]></BKID>
<Down>
<Url>
<ID><![CDATA[147849]]></ID>
<CI><![CDATA[1]]></CI>
<Size><![CDATA[105]]></Size>
<LT><![CDATA[36]]></LT>
<Form><![CDATA[rmvb]]></Form>
<Rate><![CDATA[394]]></Rate>
<DUrl><![CDATA[pps://n26ae4gqeb33vird2aqa.pps/%C8%CB%D3%E3%D0%A1%BD%E3vip-27.rmvb]]></DUrl>
<VF><![CDATA[0]]></VF>
<Points><![CDATA[0]]></Points>
</Url>
</Down>
</Film>
<Film>
<Title><![CDATA[人鱼小姐-026  ]]></Title>	
<Dirt><![CDATA[李珠环  ]]></Dirt>
<Actor><![CDATA[张瑞希,金成民/金成珉/金成泽,高斗心,郑宝石,禹喜珍/禹熙真/于熙珍,李在恩,郑英淑,朴根亨/朴根炯,韩慧淑  ]]></Actor>
<Area><![CDATA[韩国  ]]></Area>
<Size><![CDATA[107  ]]></Size>
<PT><![CDATA[2009-04-29 22:30:28]]></PT>
<LT><![CDATA[37]]></LT>
<Lang><![CDATA[]]></Lang>
<Score><![CDATA[8.6]]></Score>
<Desc><![CDATA[张瑞希化身复仇女神,徘徊在爱情的复仇之间.]]></Desc>
<Ldesc><![CDATA[殷雅梨莹以首部电视剧一夜成名的作家，在她执笔的下一部电视剧，她向导演要求剧中女主角要由沈秀情来演出。两人却对内容的意见不一，产生了矛盾与不快；于是太阳日报的记者礼英--秀情的女儿，在报上指责殷雅梨莹。  而礼英即将与太阳日报总经理的儿子宙王结婚，正当沉浸在对玫瑰般未来的憧憬中，宙王却爱上了众人讨厌的剧作家殷雅梨莹。  宙王对殷雅梨莹的表白，让礼英痛苦不堪、伤心欲绝，而看着女儿这般的难过，殷津叶和秀情更加伤心，原来殷雅梨莹是津叶和前妻京惠所生，和礼英是同父异母的姊妹。  当年津叶抛弃了妻子和年幼的女儿  ]]></Ldesc>
<BIUrl><![CDATA[http://image1.webscache.com/baike/haibao/small/2007-10/202560274-147-2007-10-25%2014-50-04.jpg]]></BIUrl>
<SIUrl><![CDATA[http://image1.webscache.com/baike/haibao/navi/2007-10/202560274-147-2007-10-25%2014-50-04.jpg]]></SIUrl>
<CN><![CDATA[1]]></CN>
<BKID><![CDATA[202560274]]></BKID>
<Down>
<Url>
<ID><![CDATA[147848]]></ID>
<CI><![CDATA[1]]></CI>
<Size><![CDATA[107]]></Size>
<LT><![CDATA[37]]></LT>
<Form><![CDATA[rmvb]]></Form>
<Rate><![CDATA[394]]></Rate>
<DUrl><![CDATA[pps://oeiyzx6qeb2hefo42aqa.pps/%C8%CB%D3%E3%D0%A1%BD%E3vip-26.rmvb]]></DUrl>
<VF><![CDATA[0]]></VF>
<Points><![CDATA[0]]></Points>
</Url>
</Down>
</Film>
<Film>
<Title><![CDATA[人鱼小姐-023  ]]></Title>	
<Dirt><![CDATA[李珠环  ]]></Dirt>
<Actor><![CDATA[张瑞希,金成民/金成珉/金成泽,高斗心,郑宝石,禹喜珍/禹熙真/于熙珍,李在恩,郑英淑,朴根亨/朴根炯,韩慧淑  ]]></Actor>
<Area><![CDATA[韩国  ]]></Area>
<Size><![CDATA[99  ]]></Size>
<PT><![CDATA[2009-04-29 21:40:35]]></PT>
<LT><![CDATA[34]]></LT>
<Lang><![CDATA[]]></Lang>
<Score><![CDATA[8.6]]></Score>
<Desc><![CDATA[张瑞希化身复仇女神,徘徊在爱情的复仇之间.]]></Desc>
<Ldesc><![CDATA[殷雅梨莹以首部电视剧一夜成名的作家，在她执笔的下一部电视剧，她向导演要求剧中女主角要由沈秀情来演出。两人却对内容的意见不一，产生了矛盾与不快；于是太阳日报的记者礼英--秀情的女儿，在报上指责殷雅梨莹。  而礼英即将与太阳日报总经理的儿子宙王结婚，正当沉浸在对玫瑰般未来的憧憬中，宙王却爱上了众人讨厌的剧作家殷雅梨莹。  宙王对殷雅梨莹的表白，让礼英痛苦不堪、伤心欲绝，而看着女儿这般的难过，殷津叶和秀情更加伤心，原来殷雅梨莹是津叶和前妻京惠所生，和礼英是同父异母的姊妹。  当年津叶抛弃了妻子和年幼的女儿  ]]></Ldesc>
<BIUrl><![CDATA[http://image1.webscache.com/baike/haibao/small/2007-10/202560274-147-2007-10-25%2014-50-04.jpg]]></BIUrl>
<SIUrl><![CDATA[http://image1.webscache.com/baike/haibao/navi/2007-10/202560274-147-2007-10-25%2014-50-04.jpg]]></SIUrl>
<CN><![CDATA[1]]></CN>
<BKID><![CDATA[202560274]]></BKID>
<Down>
<Url>
<ID><![CDATA[147847]]></ID>
<CI><![CDATA[1]]></CI>
<Size><![CDATA[99]]></Size>
<LT><![CDATA[34]]></LT>
<Form><![CDATA[rmvb]]></Form>
<Rate><![CDATA[394]]></Rate>
<DUrl><![CDATA[pps://oumzcogqeb5ymig32aqa.pps/%C8%CB%D3%E3%D0%A1%BD%E3vip-23.rmvb]]></DUrl>
<VF><![CDATA[0]]></VF>
<Points><![CDATA[0]]></Points>
</Url>
</Down>
</Film>
<Film>
<Title><![CDATA[人鱼小姐-022  ]]></Title>	
<Dirt><![CDATA[李珠环  ]]></Dirt>
<Actor><![CDATA[张瑞希,金成民/金成珉/金成泽,高斗心,郑宝石,禹喜珍/禹熙真/于熙珍,李在恩,郑英淑,朴根亨/朴根炯,韩慧淑  ]]></Actor>
<Area><![CDATA[韩国  ]]></Area>
<Size><![CDATA[92  ]]></Size>
<PT><![CDATA[2009-04-29 21:40:35]]></PT>
<LT><![CDATA[32]]></LT>
<Lang><![CDATA[]]></Lang>
<Score><![CDATA[8.6]]></Score>
<Desc><![CDATA[张瑞希化身复仇女神,徘徊在爱情的复仇之间.]]></Desc>
<Ldesc><![CDATA[殷雅梨莹以首部电视剧一夜成名的作家，在她执笔的下一部电视剧，她向导演要求剧中女主角要由沈秀情来演出。两人却对内容的意见不一，产生了矛盾与不快；于是太阳日报的记者礼英--秀情的女儿，在报上指责殷雅梨莹。  而礼英即将与太阳日报总经理的儿子宙王结婚，正当沉浸在对玫瑰般未来的憧憬中，宙王却爱上了众人讨厌的剧作家殷雅梨莹。  宙王对殷雅梨莹的表白，让礼英痛苦不堪、伤心欲绝，而看着女儿这般的难过，殷津叶和秀情更加伤心，原来殷雅梨莹是津叶和前妻京惠所生，和礼英是同父异母的姊妹。  当年津叶抛弃了妻子和年幼的女儿  ]]></Ldesc>
<BIUrl><![CDATA[http://image1.webscache.com/baike/haibao/small/2007-10/202560274-147-2007-10-25%2014-50-04.jpg]]></BIUrl>
<SIUrl><![CDATA[http://image1.webscache.com/baike/haibao/navi/2007-10/202560274-147-2007-10-25%2014-50-04.jpg]]></SIUrl>
<CN><![CDATA[1]]></CN>
<BKID><![CDATA[202560274]]></BKID>
<Down>
<Url>
<ID><![CDATA[147846]]></ID>
<CI><![CDATA[1]]></CI>
<Size><![CDATA[92]]></Size>
<LT><![CDATA[32]]></LT>
<Form><![CDATA[rmvb]]></Form>
<Rate><![CDATA[394]]></Rate>
<DUrl><![CDATA[pps://hwjxefwqeb33virw2aqa.pps/%C8%CB%D3%E3%D0%A1%BD%E3vip-22.rmvb]]></DUrl>
<VF><![CDATA[0]]></VF>
<Points><![CDATA[0]]></Points>
</Url>
</Down>
</Film>
<Film>
<Title><![CDATA[人鱼小姐-021  ]]></Title>	
<Dirt><![CDATA[李珠环  ]]></Dirt>
<Actor><![CDATA[张瑞希,金成民/金成珉/金成泽,高斗心,郑宝石,禹喜珍/禹熙真/于熙珍,李在恩,郑英淑,朴根亨/朴根炯,韩慧淑  ]]></Actor>
<Area><![CDATA[韩国  ]]></Area>
<Size><![CDATA[115  ]]></Size>
<PT><![CDATA[2009-04-29 21:40:35]]></PT>
<LT><![CDATA[40]]></LT>
<Lang><![CDATA[]]></Lang>
<Score><![CDATA[8.6]]></Score>
<Desc><![CDATA[张瑞希化身复仇女神,徘徊在爱情的复仇之间.]]></Desc>
<Ldesc><![CDATA[殷雅梨莹以首部电视剧一夜成名的作家，在她执笔的下一部电视剧，她向导演要求剧中女主角要由沈秀情来演出。两人却对内容的意见不一，产生了矛盾与不快；于是太阳日报的记者礼英--秀情的女儿，在报上指责殷雅梨莹。  而礼英即将与太阳日报总经理的儿子宙王结婚，正当沉浸在对玫瑰般未来的憧憬中，宙王却爱上了众人讨厌的剧作家殷雅梨莹。  宙王对殷雅梨莹的表白，让礼英痛苦不堪、伤心欲绝，而看着女儿这般的难过，殷津叶和秀情更加伤心，原来殷雅梨莹是津叶和前妻京惠所生，和礼英是同父异母的姊妹。  当年津叶抛弃了妻子和年幼的女儿  ]]></Ldesc>
<BIUrl><![CDATA[http://image1.webscache.com/baike/haibao/small/2007-10/202560274-147-2007-10-25%2014-50-04.jpg]]></BIUrl>
<SIUrl><![CDATA[http://image1.webscache.com/baike/haibao/navi/2007-10/202560274-147-2007-10-25%2014-50-04.jpg]]></SIUrl>
<CN><![CDATA[1]]></CN>
<BKID><![CDATA[202560274]]></BKID>
<Down>
<Url>
<ID><![CDATA[147842]]></ID>
<CI><![CDATA[1]]></CI>
<Size><![CDATA[115]]></Size>
<LT><![CDATA[40]]></LT>
<Form><![CDATA[rmvb]]></Form>
<Rate><![CDATA[395]]></Rate>
<DUrl><![CDATA[pps://hwsjlngqeb6s4omo2aqa.pps/%C8%CB%D3%E3%D0%A1%BD%E3vip-21.rmvb]]></DUrl>
<VF><![CDATA[0]]></VF>
<Points><![CDATA[0]]></Points>
</Url>
</Down>
</Film>
<Film>
<Title><![CDATA[人鱼小姐-013  ]]></Title>	
<Dirt><![CDATA[李珠环  ]]></Dirt>
<Actor><![CDATA[张瑞希,金成民/金成珉/金成泽,高斗心,郑宝石,禹喜珍/禹熙真/于熙珍,李在恩,郑英淑,朴根亨/朴根炯,韩慧淑  ]]></Actor>
<Area><![CDATA[韩国  ]]></Area>
<Size><![CDATA[114  ]]></Size>
<PT><![CDATA[2009-04-29 21:40:35]]></PT>
<LT><![CDATA[40]]></LT>
<Lang><![CDATA[]]></Lang>
<Score><![CDATA[8.6]]></Score>
<Desc><![CDATA[张瑞希化身复仇女神,徘徊在爱情的复仇之间.]]></Desc>
<Ldesc><![CDATA[殷雅梨莹以首部电视剧一夜成名的作家，在她执笔的下一部电视剧，她向导演要求剧中女主角要由沈秀情来演出。两人却对内容的意见不一，产生了矛盾与不快；于是太阳日报的记者礼英--秀情的女儿，在报上指责殷雅梨莹。  而礼英即将与太阳日报总经理的儿子宙王结婚，正当沉浸在对玫瑰般未来的憧憬中，宙王却爱上了众人讨厌的剧作家殷雅梨莹。  宙王对殷雅梨莹的表白，让礼英痛苦不堪、伤心欲绝，而看着女儿这般的难过，殷津叶和秀情更加伤心，原来殷雅梨莹是津叶和前妻京惠所生，和礼英是同父异母的姊妹。  当年津叶抛弃了妻子和年幼的女儿  ]]></Ldesc>
<BIUrl><![CDATA[http://image1.webscache.com/baike/haibao/small/2007-10/202560274-147-2007-10-25%2014-50-04.jpg]]></BIUrl>
<SIUrl><![CDATA[http://image1.webscache.com/baike/haibao/navi/2007-10/202560274-147-2007-10-25%2014-50-04.jpg]]></SIUrl>
<CN><![CDATA[1]]></CN>
<BKID><![CDATA[202560274]]></BKID>
<Down>
<Url>
<ID><![CDATA[147826]]></ID>
<CI><![CDATA[1]]></CI>
<Size><![CDATA[114]]></Size>
<LT><![CDATA[39]]></LT>
<Form><![CDATA[rmvb]]></Form>
<Rate><![CDATA[395]]></Rate>
<DUrl><![CDATA[pps://3jfzscwqeb6s4kbj2aqa.pps/%C8%CB%D3%E3%D0%A1%BD%E3vip-13.rmvb]]></DUrl>
<VF><![CDATA[0]]></VF>
<Points><![CDATA[0]]></Points>
</Url>
</Down>
</Film>
<Film>
<Title><![CDATA[人鱼小姐-011  ]]></Title>	
<Dirt><![CDATA[李珠环  ]]></Dirt>
<Actor><![CDATA[张瑞希,金成民/金成珉/金成泽,高斗心,郑宝石,禹喜珍/禹熙真/于熙珍,李在恩,郑英淑,朴根亨/朴根炯,韩慧淑  ]]></Actor>
<Area><![CDATA[韩国  ]]></Area>
<Size><![CDATA[118  ]]></Size>
<PT><![CDATA[2009-04-29 21:45:32]]></PT>
<LT><![CDATA[41]]></LT>
<Lang><![CDATA[]]></Lang>
<Score><![CDATA[8.6]]></Score>
<Desc><![CDATA[张瑞希化身复仇女神,徘徊在爱情的复仇之间.]]></Desc>
<Ldesc><![CDATA[殷雅梨莹以首部电视剧一夜成名的作家，在她执笔的下一部电视剧，她向导演要求剧中女主角要由沈秀情来演出。两人却对内容的意见不一，产生了矛盾与不快；于是太阳日报的记者礼英--秀情的女儿，在报上指责殷雅梨莹。  而礼英即将与太阳日报总经理的儿子宙王结婚，正当沉浸在对玫瑰般未来的憧憬中，宙王却爱上了众人讨厌的剧作家殷雅梨莹。  宙王对殷雅梨莹的表白，让礼英痛苦不堪、伤心欲绝，而看着女儿这般的难过，殷津叶和秀情更加伤心，原来殷雅梨莹是津叶和前妻京惠所生，和礼英是同父异母的姊妹。  当年津叶抛弃了妻子和年幼的女儿  ]]></Ldesc>
<BIUrl><![CDATA[http://image1.webscache.com/baike/haibao/small/2007-10/202560274-147-2007-10-25%2014-50-04.jpg]]></BIUrl>
<SIUrl><![CDATA[http://image1.webscache.com/baike/haibao/navi/2007-10/202560274-147-2007-10-25%2014-50-04.jpg]]></SIUrl>
<CN><![CDATA[1]]></CN>
<BKID><![CDATA[202560274]]></BKID>
<Down>
<Url>
<ID><![CDATA[147829]]></ID>
<CI><![CDATA[1]]></CI>
<Size><![CDATA[118]]></Size>
<LT><![CDATA[41]]></LT>
<Form><![CDATA[rmvb]]></Form>
<Rate><![CDATA[395]]></Rate>
<DUrl><![CDATA[pps://hwsjli6qeb33virq2aqa.pps/%C8%CB%D3%E3%D0%A1%BD%E3vip-11.rmvb]]></DUrl>
<VF><![CDATA[0]]></VF>
<Points><![CDATA[0]]></Points>
</Url>
</Down>
</Film>
<Film>
<Title><![CDATA[人鱼小姐-006  ]]></Title>	
<Dirt><![CDATA[李珠环  ]]></Dirt>
<Actor><![CDATA[张瑞希,金成民/金成珉/金成泽,高斗心,郑宝石,禹喜珍/禹熙真/于熙珍,李在恩,郑英淑,朴根亨/朴根炯,韩慧淑  ]]></Actor>
<Area><![CDATA[韩国  ]]></Area>
<Size><![CDATA[118  ]]></Size>
<PT><![CDATA[2009-04-29 21:35:29]]></PT>
<LT><![CDATA[41]]></LT>
<Lang><![CDATA[]]></Lang>
<Score><![CDATA[8.6]]></Score>
<Desc><![CDATA[张瑞希化身复仇女神,徘徊在爱情的复仇之间.]]></Desc>
<Ldesc><![CDATA[殷雅梨莹以首部电视剧一夜成名的作家，在她执笔的下一部电视剧，她向导演要求剧中女主角要由沈秀情来演出。两人却对内容的意见不一，产生了矛盾与不快；于是太阳日报的记者礼英--秀情的女儿，在报上指责殷雅梨莹。  而礼英即将与太阳日报总经理的儿子宙王结婚，正当沉浸在对玫瑰般未来的憧憬中，宙王却爱上了众人讨厌的剧作家殷雅梨莹。  宙王对殷雅梨莹的表白，让礼英痛苦不堪、伤心欲绝，而看着女儿这般的难过，殷津叶和秀情更加伤心，原来殷雅梨莹是津叶和前妻京惠所生，和礼英是同父异母的姊妹。  当年津叶抛弃了妻子和年幼的女儿  ]]></Ldesc>
<BIUrl><![CDATA[http://image1.webscache.com/baike/haibao/small/2007-10/202560274-147-2007-10-25%2014-50-04.jpg]]></BIUrl>
<SIUrl><![CDATA[http://image1.webscache.com/baike/haibao/navi/2007-10/202560274-147-2007-10-25%2014-50-04.jpg]]></SIUrl>
<CN><![CDATA[1]]></CN>
<BKID><![CDATA[202560274]]></BKID>
<Down>
<Url>
<ID><![CDATA[147822]]></ID>
<CI><![CDATA[1]]></CI>
<Size><![CDATA[118]]></Size>
<LT><![CDATA[40]]></LT>
<Form><![CDATA[rmvb]]></Form>
<Rate><![CDATA[395]]></Rate>
<DUrl><![CDATA[pps://oeiyzv6qeb2hefou2aqa.pps/%C8%CB%D3%E3%D0%A1%BD%E3vip-06.rmvb]]></DUrl>
<VF><![CDATA[0]]></VF>
<Points><![CDATA[0]]></Points>
</Url>
</Down>
</Film>
<Film>
<Title><![CDATA[人鱼小姐-008  ]]></Title>	
<Dirt><![CDATA[李珠环  ]]></Dirt>
<Actor><![CDATA[张瑞希,金成民/金成珉/金成泽,高斗心,郑宝石,禹喜珍/禹熙真/于熙珍,李在恩,郑英淑,朴根亨/朴根炯,韩慧淑  ]]></Actor>
<Area><![CDATA[韩国  ]]></Area>
<Size><![CDATA[106  ]]></Size>
<PT><![CDATA[2009-04-29 21:40:35]]></PT>
<LT><![CDATA[37]]></LT>
<Lang><![CDATA[]]></Lang>
<Score><![CDATA[8.6]]></Score>
<Desc><![CDATA[张瑞希化身复仇女神,徘徊在爱情的复仇之间.]]></Desc>
<Ldesc><![CDATA[殷雅梨莹以首部电视剧一夜成名的作家，在她执笔的下一部电视剧，她向导演要求剧中女主角要由沈秀情来演出。两人却对内容的意见不一，产生了矛盾与不快；于是太阳日报的记者礼英--秀情的女儿，在报上指责殷雅梨莹。  而礼英即将与太阳日报总经理的儿子宙王结婚，正当沉浸在对玫瑰般未来的憧憬中，宙王却爱上了众人讨厌的剧作家殷雅梨莹。  宙王对殷雅梨莹的表白，让礼英痛苦不堪、伤心欲绝，而看着女儿这般的难过，殷津叶和秀情更加伤心，原来殷雅梨莹是津叶和前妻京惠所生，和礼英是同父异母的姊妹。  当年津叶抛弃了妻子和年幼的女儿  ]]></Ldesc>
<BIUrl><![CDATA[http://image1.webscache.com/baike/haibao/small/2007-10/202560274-147-2007-10-25%2014-50-04.jpg]]></BIUrl>
<SIUrl><![CDATA[http://image1.webscache.com/baike/haibao/navi/2007-10/202560274-147-2007-10-25%2014-50-04.jpg]]></SIUrl>
<CN><![CDATA[1]]></CN>
<BKID><![CDATA[202560274]]></BKID>
<Down>
<Url>
<ID><![CDATA[147821]]></ID>
<CI><![CDATA[1]]></CI>
<Size><![CDATA[106]]></Size>
<LT><![CDATA[37]]></LT>
<Form><![CDATA[rmvb]]></Form>
<Rate><![CDATA[394]]></Rate>
<DUrl><![CDATA[pps://n26aetwqeb2hefoe2aqa.pps/%C8%CB%D3%E3%D0%A1%BD%E3vip-08.rmvb]]></DUrl>
<VF><![CDATA[0]]></VF>
<Points><![CDATA[0]]></Points>
</Url>
</Down>
</Film>
<Film>
<Title><![CDATA[人鱼小姐-014  ]]></Title>	
<Dirt><![CDATA[李珠环  ]]></Dirt>
<Actor><![CDATA[张瑞希,金成民/金成珉/金成泽,高斗心,郑宝石,禹喜珍/禹熙真/于熙珍,李在恩,郑英淑,朴根亨/朴根炯,韩慧淑  ]]></Actor>
<Area><![CDATA[韩国  ]]></Area>
<Size><![CDATA[110  ]]></Size>
<PT><![CDATA[2009-04-29 22:15:19]]></PT>
<LT><![CDATA[38]]></LT>
<Lang><![CDATA[]]></Lang>
<Score><![CDATA[8.6]]></Score>
<Desc><![CDATA[张瑞希化身复仇女神,徘徊在爱情的复仇之间.]]></Desc>
<Ldesc><![CDATA[殷雅梨莹以首部电视剧一夜成名的作家，在她执笔的下一部电视剧，她向导演要求剧中女主角要由沈秀情来演出。两人却对内容的意见不一，产生了矛盾与不快；于是太阳日报的记者礼英--秀情的女儿，在报上指责殷雅梨莹。  而礼英即将与太阳日报总经理的儿子宙王结婚，正当沉浸在对玫瑰般未来的憧憬中，宙王却爱上了众人讨厌的剧作家殷雅梨莹。  宙王对殷雅梨莹的表白，让礼英痛苦不堪、伤心欲绝，而看着女儿这般的难过，殷津叶和秀情更加伤心，原来殷雅梨莹是津叶和前妻京惠所生，和礼英是同父异母的姊妹。  当年津叶抛弃了妻子和年幼的女儿  ]]></Ldesc>
<BIUrl><![CDATA[http://image1.webscache.com/baike/haibao/small/2007-10/202560274-147-2007-10-25%2014-50-04.jpg]]></BIUrl>
<SIUrl><![CDATA[http://image1.webscache.com/baike/haibao/navi/2007-10/202560274-147-2007-10-25%2014-50-04.jpg]]></SIUrl>
<CN><![CDATA[1]]></CN>
<BKID><![CDATA[202560274]]></BKID>
<Down>
<Url>
<ID><![CDATA[147827]]></ID>
<CI><![CDATA[1]]></CI>
<Size><![CDATA[110]]></Size>
<LT><![CDATA[38]]></LT>
<Form><![CDATA[rmvb]]></Form>
<Rate><![CDATA[395]]></Rate>
<DUrl><![CDATA[pps://hwjxegwqeb33vir22aqa.pps/%C8%CB%D3%E3%D0%A1%BD%E3vip-14.rmvb]]></DUrl>
<VF><![CDATA[0]]></VF>
<Points><![CDATA[0]]></Points>
</Url>
</Down>
</Film>
<Film>
<Title><![CDATA[人鱼小姐-016  ]]></Title>	
<Dirt><![CDATA[李珠环  ]]></Dirt>
<Actor><![CDATA[张瑞希,金成民/金成珉/金成泽,高斗心,郑宝石,禹喜珍/禹熙真/于熙珍,李在恩,郑英淑,朴根亨/朴根炯,韩慧淑  ]]></Actor>
<Area><![CDATA[韩国  ]]></Area>
<Size><![CDATA[116  ]]></Size>
<PT><![CDATA[2009-04-29 21:50:56]]></PT>
<LT><![CDATA[40]]></LT>
<Lang><![CDATA[]]></Lang>
<Score><![CDATA[8.6]]></Score>
<Desc><![CDATA[张瑞希化身复仇女神,徘徊在爱情的复仇之间.]]></Desc>
<Ldesc><![CDATA[殷雅梨莹以首部电视剧一夜成名的作家，在她执笔的下一部电视剧，她向导演要求剧中女主角要由沈秀情来演出。两人却对内容的意见不一，产生了矛盾与不快；于是太阳日报的记者礼英--秀情的女儿，在报上指责殷雅梨莹。  而礼英即将与太阳日报总经理的儿子宙王结婚，正当沉浸在对玫瑰般未来的憧憬中，宙王却爱上了众人讨厌的剧作家殷雅梨莹。  宙王对殷雅梨莹的表白，让礼英痛苦不堪、伤心欲绝，而看着女儿这般的难过，殷津叶和秀情更加伤心，原来殷雅梨莹是津叶和前妻京惠所生，和礼英是同父异母的姊妹。  当年津叶抛弃了妻子和年幼的女儿  ]]></Ldesc>
<BIUrl><![CDATA[http://image1.webscache.com/baike/haibao/small/2007-10/202560274-147-2007-10-25%2014-50-04.jpg]]></BIUrl>
<SIUrl><![CDATA[http://image1.webscache.com/baike/haibao/navi/2007-10/202560274-147-2007-10-25%2014-50-04.jpg]]></SIUrl>
<CN><![CDATA[1]]></CN>
<BKID><![CDATA[202560274]]></BKID>
<Down>
<Url>
<ID><![CDATA[147825]]></ID>
<CI><![CDATA[1]]></CI>
<Size><![CDATA[116]]></Size>
<LT><![CDATA[40]]></LT>
<Form><![CDATA[rmvb]]></Form>
<Rate><![CDATA[395]]></Rate>
<DUrl><![CDATA[pps://n26aex6qeb6s4kbb2aqa.pps/%C8%CB%D3%E3%D0%A1%BD%E3vip-16.rmvb]]></DUrl>
<VF><![CDATA[0]]></VF>
<Points><![CDATA[0]]></Points>
</Url>
</Down>
</Film>
<Film>
<Title><![CDATA[人鱼小姐-020  ]]></Title>	
<Dirt><![CDATA[李珠环  ]]></Dirt>
<Actor><![CDATA[张瑞希,金成民/金成珉/金成泽,高斗心,郑宝石,禹喜珍/禹熙真/于熙珍,李在恩,郑英淑,朴根亨/朴根炯,韩慧淑  ]]></Actor>
<Area><![CDATA[韩国  ]]></Area>
<Size><![CDATA[117  ]]></Size>
<PT><![CDATA[2009-04-29 21:35:29]]></PT>
<LT><![CDATA[41]]></LT>
<Lang><![CDATA[]]></Lang>
<Score><![CDATA[8.6]]></Score>
<Desc><![CDATA[张瑞希化身复仇女神,徘徊在爱情的复仇之间.]]></Desc>
<Ldesc><![CDATA[殷雅梨莹以首部电视剧一夜成名的作家，在她执笔的下一部电视剧，她向导演要求剧中女主角要由沈秀情来演出。两人却对内容的意见不一，产生了矛盾与不快；于是太阳日报的记者礼英--秀情的女儿，在报上指责殷雅梨莹。  而礼英即将与太阳日报总经理的儿子宙王结婚，正当沉浸在对玫瑰般未来的憧憬中，宙王却爱上了众人讨厌的剧作家殷雅梨莹。  宙王对殷雅梨莹的表白，让礼英痛苦不堪、伤心欲绝，而看着女儿这般的难过，殷津叶和秀情更加伤心，原来殷雅梨莹是津叶和前妻京惠所生，和礼英是同父异母的姊妹。  当年津叶抛弃了妻子和年幼的女儿  ]]></Ldesc>
<BIUrl><![CDATA[http://image1.webscache.com/baike/haibao/small/2007-10/202560274-147-2007-10-25%2014-50-04.jpg]]></BIUrl>
<SIUrl><![CDATA[http://image1.webscache.com/baike/haibao/navi/2007-10/202560274-147-2007-10-25%2014-50-04.jpg]]></SIUrl>
<CN><![CDATA[1]]></CN>
<BKID><![CDATA[202560274]]></BKID>
<Down>
<Url>
<ID><![CDATA[147830]]></ID>
<CI><![CDATA[1]]></CI>
<Size><![CDATA[117]]></Size>
<LT><![CDATA[40]]></LT>
<Form><![CDATA[rmvb]]></Form>
<Rate><![CDATA[395]]></Rate>
<DUrl><![CDATA[pps://hwsjllgqeb33virf2aqa.pps/%C8%CB%D3%E3%D0%A1%BD%E3vip-20.rmvb]]></DUrl>
<VF><![CDATA[0]]></VF>
<Points><![CDATA[0]]></Points>
</Url>
</Down>
</Film>
<Film>
<Title><![CDATA[人鱼小姐-015  ]]></Title>	
<Dirt><![CDATA[李珠环  ]]></Dirt>
<Actor><![CDATA[张瑞希,金成民/金成珉/金成泽,高斗心,郑宝石,禹喜珍/禹熙真/于熙珍,李在恩,郑英淑,朴根亨/朴根炯,韩慧淑  ]]></Actor>
<Area><![CDATA[韩国  ]]></Area>
<Size><![CDATA[114  ]]></Size>
<PT><![CDATA[2009-04-29 21:35:29]]></PT>
<LT><![CDATA[39]]></LT>
<Lang><![CDATA[]]></Lang>
<Score><![CDATA[8.6]]></Score>
<Desc><![CDATA[张瑞希化身复仇女神,徘徊在爱情的复仇之间.]]></Desc>
<Ldesc><![CDATA[殷雅梨莹以首部电视剧一夜成名的作家，在她执笔的下一部电视剧，她向导演要求剧中女主角要由沈秀情来演出。两人却对内容的意见不一，产生了矛盾与不快；于是太阳日报的记者礼英--秀情的女儿，在报上指责殷雅梨莹。  而礼英即将与太阳日报总经理的儿子宙王结婚，正当沉浸在对玫瑰般未来的憧憬中，宙王却爱上了众人讨厌的剧作家殷雅梨莹。  宙王对殷雅梨莹的表白，让礼英痛苦不堪、伤心欲绝，而看着女儿这般的难过，殷津叶和秀情更加伤心，原来殷雅梨莹是津叶和前妻京惠所生，和礼英是同父异母的姊妹。  当年津叶抛弃了妻子和年幼的女儿  ]]></Ldesc>
<BIUrl><![CDATA[http://image1.webscache.com/baike/haibao/small/2007-10/202560274-147-2007-10-25%2014-50-04.jpg]]></BIUrl>
<SIUrl><![CDATA[http://image1.webscache.com/baike/haibao/navi/2007-10/202560274-147-2007-10-25%2014-50-04.jpg]]></SIUrl>
<CN><![CDATA[1]]></CN>
<BKID><![CDATA[202560274]]></BKID>
<Down>
<Url>
<ID><![CDATA[147828]]></ID>
<CI><![CDATA[1]]></CI>
<Size><![CDATA[114]]></Size>
<LT><![CDATA[39]]></LT>
<Form><![CDATA[rmvb]]></Form>
<Rate><![CDATA[395]]></Rate>
<DUrl><![CDATA[pps://n26aeywqeb6s4ka22aqa.pps/%C8%CB%D3%E3%D0%A1%BD%E3vip-15.rmvb]]></DUrl>
<VF><![CDATA[0]]></VF>
<Points><![CDATA[0]]></Points>
</Url>
</Down>
</Film>
<Film>
<Title><![CDATA[人鱼小姐-007  ]]></Title>	
<Dirt><![CDATA[李珠环  ]]></Dirt>
<Actor><![CDATA[张瑞希,金成民/金成珉/金成泽,高斗心,郑宝石,禹喜珍/禹熙真/于熙珍,李在恩,郑英淑,朴根亨/朴根炯,韩慧淑  ]]></Actor>
<Area><![CDATA[韩国  ]]></Area>
<Size><![CDATA[114  ]]></Size>
<PT><![CDATA[2009-04-29 21:40:35]]></PT>
<LT><![CDATA[40]]></LT>
<Lang><![CDATA[]]></Lang>
<Score><![CDATA[8.6]]></Score>
<Desc><![CDATA[张瑞希化身复仇女神,徘徊在爱情的复仇之间.]]></Desc>
<Ldesc><![CDATA[殷雅梨莹以首部电视剧一夜成名的作家，在她执笔的下一部电视剧，她向导演要求剧中女主角要由沈秀情来演出。两人却对内容的意见不一，产生了矛盾与不快；于是太阳日报的记者礼英--秀情的女儿，在报上指责殷雅梨莹。  而礼英即将与太阳日报总经理的儿子宙王结婚，正当沉浸在对玫瑰般未来的憧憬中，宙王却爱上了众人讨厌的剧作家殷雅梨莹。  宙王对殷雅梨莹的表白，让礼英痛苦不堪、伤心欲绝，而看着女儿这般的难过，殷津叶和秀情更加伤心，原来殷雅梨莹是津叶和前妻京惠所生，和礼英是同父异母的姊妹。  当年津叶抛弃了妻子和年幼的女儿  ]]></Ldesc>
<BIUrl><![CDATA[http://image1.webscache.com/baike/haibao/small/2007-10/202560274-147-2007-10-25%2014-50-04.jpg]]></BIUrl>
<SIUrl><![CDATA[http://image1.webscache.com/baike/haibao/navi/2007-10/202560274-147-2007-10-25%2014-50-04.jpg]]></SIUrl>
<CN><![CDATA[1]]></CN>
<BKID><![CDATA[202560274]]></BKID>
<Down>
<Url>
<ID><![CDATA[147818]]></ID>
<CI><![CDATA[1]]></CI>
<Size><![CDATA[114]]></Size>
<LT><![CDATA[39]]></LT>
<Form><![CDATA[rmvb]]></Form>
<Rate><![CDATA[395]]></Rate>
<DUrl><![CDATA[pps://3jfzsdgqeb6s4kbe2aqa.pps/%C8%CB%D3%E3%D0%A1%BD%E3vip-07.rmvb]]></DUrl>
<VF><![CDATA[0]]></VF>
<Points><![CDATA[0]]></Points>
</Url>
</Down>
</Film>
<Film>
<Title><![CDATA[人鱼小姐-019  ]]></Title>	
<Dirt><![CDATA[李珠环  ]]></Dirt>
<Actor><![CDATA[张瑞希,金成民/金成珉/金成泽,高斗心,郑宝石,禹喜珍/禹熙真/于熙珍,李在恩,郑英淑,朴根亨/朴根炯,韩慧淑  ]]></Actor>
<Area><![CDATA[韩国  ]]></Area>
<Size><![CDATA[118  ]]></Size>
<PT><![CDATA[2009-04-29 21:35:29]]></PT>
<LT><![CDATA[41]]></LT>
<Lang><![CDATA[]]></Lang>
<Score><![CDATA[8.6]]></Score>
<Desc><![CDATA[张瑞希化身复仇女神,徘徊在爱情的复仇之间.]]></Desc>
<Ldesc><![CDATA[殷雅梨莹以首部电视剧一夜成名的作家，在她执笔的下一部电视剧，她向导演要求剧中女主角要由沈秀情来演出。两人却对内容的意见不一，产生了矛盾与不快；于是太阳日报的记者礼英--秀情的女儿，在报上指责殷雅梨莹。  而礼英即将与太阳日报总经理的儿子宙王结婚，正当沉浸在对玫瑰般未来的憧憬中，宙王却爱上了众人讨厌的剧作家殷雅梨莹。  宙王对殷雅梨莹的表白，让礼英痛苦不堪、伤心欲绝，而看着女儿这般的难过，殷津叶和秀情更加伤心，原来殷雅梨莹是津叶和前妻京惠所生，和礼英是同父异母的姊妹。  当年津叶抛弃了妻子和年幼的女儿  ]]></Ldesc>
<BIUrl><![CDATA[http://image1.webscache.com/baike/haibao/small/2007-10/202560274-147-2007-10-25%2014-50-04.jpg]]></BIUrl>
<SIUrl><![CDATA[http://image1.webscache.com/baike/haibao/navi/2007-10/202560274-147-2007-10-25%2014-50-04.jpg]]></SIUrl>
<CN><![CDATA[1]]></CN>
<BKID><![CDATA[202560274]]></BKID>
<Down>
<Url>
<ID><![CDATA[147820]]></ID>
<CI><![CDATA[1]]></CI>
<Size><![CDATA[118]]></Size>
<LT><![CDATA[40]]></LT>
<Form><![CDATA[rmvb]]></Form>
<Rate><![CDATA[395]]></Rate>
<DUrl><![CDATA[pps://oeiyzwwqeb6s4ka42aqa.pps/%C8%CB%D3%E3%D0%A1%BD%E3vip-19.rmvb]]></DUrl>
<VF><![CDATA[0]]></VF>
<Points><![CDATA[0]]></Points>
</Url>
</Down>
</Film>
<Film>
<Title><![CDATA[人鱼小姐-009  ]]></Title>	
<Dirt><![CDATA[李珠环  ]]></Dirt>
<Actor><![CDATA[张瑞希,金成民/金成珉/金成泽,高斗心,郑宝石,禹喜珍/禹熙真/于熙珍,李在恩,郑英淑,朴根亨/朴根炯,韩慧淑  ]]></Actor>
<Area><![CDATA[韩国  ]]></Area>
<Size><![CDATA[113  ]]></Size>
<PT><![CDATA[2009-04-29 21:45:32]]></PT>
<LT><![CDATA[39]]></LT>
<Lang><![CDATA[]]></Lang>
<Score><![CDATA[8.6]]></Score>
<Desc><![CDATA[张瑞希化身复仇女神,徘徊在爱情的复仇之间.]]></Desc>
<Ldesc><![CDATA[殷雅梨莹以首部电视剧一夜成名的作家，在她执笔的下一部电视剧，她向导演要求剧中女主角要由沈秀情来演出。两人却对内容的意见不一，产生了矛盾与不快；于是太阳日报的记者礼英--秀情的女儿，在报上指责殷雅梨莹。  而礼英即将与太阳日报总经理的儿子宙王结婚，正当沉浸在对玫瑰般未来的憧憬中，宙王却爱上了众人讨厌的剧作家殷雅梨莹。  宙王对殷雅梨莹的表白，让礼英痛苦不堪、伤心欲绝，而看着女儿这般的难过，殷津叶和秀情更加伤心，原来殷雅梨莹是津叶和前妻京惠所生，和礼英是同父异母的姊妹。  当年津叶抛弃了妻子和年幼的女儿  ]]></Ldesc>
<BIUrl><![CDATA[http://image1.webscache.com/baike/haibao/small/2007-10/202560274-147-2007-10-25%2014-50-04.jpg]]></BIUrl>
<SIUrl><![CDATA[http://image1.webscache.com/baike/haibao/navi/2007-10/202560274-147-2007-10-25%2014-50-04.jpg]]></SIUrl>
<CN><![CDATA[1]]></CN>
<BKID><![CDATA[202560274]]></BKID>
<Down>
<Url>
<ID><![CDATA[147817]]></ID>
<CI><![CDATA[1]]></CI>
<Size><![CDATA[113]]></Size>
<LT><![CDATA[39]]></LT>
<Form><![CDATA[rmvb]]></Form>
<Rate><![CDATA[395]]></Rate>
<DUrl><![CDATA[pps://hwjxehoqeb33virt2aqa.pps/%C8%CB%D3%E3%D0%A1%BD%E3vip-09.rmvb]]></DUrl>
<VF><![CDATA[0]]></VF>
<Points><![CDATA[0]]></Points>
</Url>
</Down>
</Film>
<Film>
<Title><![CDATA[人鱼小姐-010  ]]></Title>	
<Dirt><![CDATA[李珠环  ]]></Dirt>
<Actor><![CDATA[张瑞希,金成民/金成珉/金成泽,高斗心,郑宝石,禹喜珍/禹熙真/于熙珍,李在恩,郑英淑,朴根亨/朴根炯,韩慧淑  ]]></Actor>
<Area><![CDATA[韩国  ]]></Area>
<Size><![CDATA[116  ]]></Size>
<PT><![CDATA[2009-04-29 21:50:56]]></PT>
<LT><![CDATA[40]]></LT>
<Lang><![CDATA[]]></Lang>
<Score><![CDATA[8.6]]></Score>
<Desc><![CDATA[张瑞希化身复仇女神,徘徊在爱情的复仇之间.]]></Desc>
<Ldesc><![CDATA[殷雅梨莹以首部电视剧一夜成名的作家，在她执笔的下一部电视剧，她向导演要求剧中女主角要由沈秀情来演出。两人却对内容的意见不一，产生了矛盾与不快；于是太阳日报的记者礼英--秀情的女儿，在报上指责殷雅梨莹。  而礼英即将与太阳日报总经理的儿子宙王结婚，正当沉浸在对玫瑰般未来的憧憬中，宙王却爱上了众人讨厌的剧作家殷雅梨莹。  宙王对殷雅梨莹的表白，让礼英痛苦不堪、伤心欲绝，而看着女儿这般的难过，殷津叶和秀情更加伤心，原来殷雅梨莹是津叶和前妻京惠所生，和礼英是同父异母的姊妹。  当年津叶抛弃了妻子和年幼的女儿  ]]></Ldesc>
<BIUrl><![CDATA[http://image1.webscache.com/baike/haibao/small/2007-10/202560274-147-2007-10-25%2014-50-04.jpg]]></BIUrl>
<SIUrl><![CDATA[http://image1.webscache.com/baike/haibao/navi/2007-10/202560274-147-2007-10-25%2014-50-04.jpg]]></SIUrl>
<CN><![CDATA[1]]></CN>
<BKID><![CDATA[202560274]]></BKID>
<Down>
<Url>
<ID><![CDATA[147819]]></ID>
<CI><![CDATA[1]]></CI>
<Size><![CDATA[116]]></Size>
<LT><![CDATA[40]]></LT>
<Form><![CDATA[rmvb]]></Form>
<Rate><![CDATA[395]]></Rate>
<DUrl><![CDATA[pps://oeiyzzoqedndycmv2aqa.pps/%C8%CB%D3%E3%D0%A1%BD%E3vip-10.rmvb]]></DUrl>
<VF><![CDATA[0]]></VF>
<Points><![CDATA[0]]></Points>
</Url>
</Down>
</Film>
<Film>
<Title><![CDATA[人鱼小姐-004  ]]></Title>	
<Dirt><![CDATA[李珠环  ]]></Dirt>
<Actor><![CDATA[张瑞希,金成民/金成珉/金成泽,高斗心,郑宝石,禹喜珍/禹熙真/于熙珍,李在恩,郑英淑,朴根亨/朴根炯,韩慧淑  ]]></Actor>
<Area><![CDATA[韩国  ]]></Area>
<Size><![CDATA[119  ]]></Size>
<PT><![CDATA[2009-04-29 12:25:16]]></PT>
<LT><![CDATA[41]]></LT>
<Lang><![CDATA[]]></Lang>
<Score><![CDATA[8.6]]></Score>
<Desc><![CDATA[张瑞希化身复仇女神,徘徊在爱情的复仇之间.]]></Desc>
<Ldesc><![CDATA[殷雅梨莹以首部电视剧一夜成名的作家，在她执笔的下一部电视剧，她向导演要求剧中女主角要由沈秀情来演出。两人却对内容的意见不一，产生了矛盾与不快；于是太阳日报的记者礼英--秀情的女儿，在报上指责殷雅梨莹。  而礼英即将与太阳日报总经理的儿子宙王结婚，正当沉浸在对玫瑰般未来的憧憬中，宙王却爱上了众人讨厌的剧作家殷雅梨莹。  宙王对殷雅梨莹的表白，让礼英痛苦不堪、伤心欲绝，而看着女儿这般的难过，殷津叶和秀情更加伤心，原来殷雅梨莹是津叶和前妻京惠所生，和礼英是同父异母的姊妹。  当年津叶抛弃了妻子和年幼的女儿  ]]></Ldesc>
<BIUrl><![CDATA[http://image1.webscache.com/baike/haibao/small/2007-10/202560274-147-2007-10-25%2014-50-04.jpg]]></BIUrl>
<SIUrl><![CDATA[http://image1.webscache.com/baike/haibao/navi/2007-10/202560274-147-2007-10-25%2014-50-04.jpg]]></SIUrl>
<CN><![CDATA[1]]></CN>
<BKID><![CDATA[202560274]]></BKID>
<Down>
<Url>
<ID><![CDATA[147492]]></ID>
<CI><![CDATA[1]]></CI>
<Size><![CDATA[119]]></Size>
<LT><![CDATA[41]]></LT>
<Form><![CDATA[rmvb]]></Form>
<Rate><![CDATA[395]]></Rate>
<DUrl><![CDATA[pps://3jfzsboqeb6s4kak2aqa.pps/%C8%CB%D3%E3%D0%A1%BD%E3vip-04new.rmvb]]></DUrl>
<VF><![CDATA[0]]></VF>
<Points><![CDATA[0]]></Points>
</Url>
</Down>
</Film>
<Film>
<Title><![CDATA[人鱼小姐-002  ]]></Title>	
<Dirt><![CDATA[李珠环  ]]></Dirt>
<Actor><![CDATA[张瑞希,金成民/金成珉/金成泽,高斗心,郑宝石,禹喜珍/禹熙真/于熙珍,李在恩,郑英淑,朴根亨/朴根炯,韩慧淑  ]]></Actor>
<Area><![CDATA[韩国  ]]></Area>
<Size><![CDATA[116  ]]></Size>
<PT><![CDATA[2009-04-29 12:15:16]]></PT>
<LT><![CDATA[40]]></LT>
<Lang><![CDATA[]]></Lang>
<Score><![CDATA[8.6]]></Score>
<Desc><![CDATA[张瑞希化身复仇女神,徘徊在爱情的复仇之间.]]></Desc>
<Ldesc><![CDATA[殷雅梨莹以首部电视剧一夜成名的作家，在她执笔的下一部电视剧，她向导演要求剧中女主角要由沈秀情来演出。两人却对内容的意见不一，产生了矛盾与不快；于是太阳日报的记者礼英--秀情的女儿，在报上指责殷雅梨莹。  而礼英即将与太阳日报总经理的儿子宙王结婚，正当沉浸在对玫瑰般未来的憧憬中，宙王却爱上了众人讨厌的剧作家殷雅梨莹。  宙王对殷雅梨莹的表白，让礼英痛苦不堪、伤心欲绝，而看着女儿这般的难过，殷津叶和秀情更加伤心，原来殷雅梨莹是津叶和前妻京惠所生，和礼英是同父异母的姊妹。  当年津叶抛弃了妻子和年幼的女儿  ]]></Ldesc>
<BIUrl><![CDATA[http://image1.webscache.com/baike/haibao/small/2007-10/202560274-147-2007-10-25%2014-50-04.jpg]]></BIUrl>
<SIUrl><![CDATA[http://image1.webscache.com/baike/haibao/navi/2007-10/202560274-147-2007-10-25%2014-50-04.jpg]]></SIUrl>
<CN><![CDATA[1]]></CN>
<BKID><![CDATA[202560274]]></BKID>
<Down>
<Url>
<ID><![CDATA[147487]]></ID>
<CI><![CDATA[1]]></CI>
<Size><![CDATA[116]]></Size>
<LT><![CDATA[40]]></LT>
<Form><![CDATA[rmvb]]></Form>
<Rate><![CDATA[395]]></Rate>
<DUrl><![CDATA[pps://n26aes6qeb2hefok2aqa.pps/%C8%CB%D3%E3%D0%A1%BD%E3vip-02.rmvb]]></DUrl>
<VF><![CDATA[0]]></VF>
<Points><![CDATA[0]]></Points>
</Url>
</Down>
</Film>
<Film>
<Title><![CDATA[人鱼小姐-003  ]]></Title>	
<Dirt><![CDATA[李珠环  ]]></Dirt>
<Actor><![CDATA[张瑞希,金成民/金成珉/金成泽,高斗心,郑宝石,禹喜珍/禹熙真/于熙珍,李在恩,郑英淑,朴根亨/朴根炯,韩慧淑  ]]></Actor>
<Area><![CDATA[韩国  ]]></Area>
<Size><![CDATA[118  ]]></Size>
<PT><![CDATA[2009-04-29 12:25:16]]></PT>
<LT><![CDATA[41]]></LT>
<Lang><![CDATA[]]></Lang>
<Score><![CDATA[8.6]]></Score>
<Desc><![CDATA[张瑞希化身复仇女神,徘徊在爱情的复仇之间.]]></Desc>
<Ldesc><![CDATA[殷雅梨莹以首部电视剧一夜成名的作家，在她执笔的下一部电视剧，她向导演要求剧中女主角要由沈秀情来演出。两人却对内容的意见不一，产生了矛盾与不快；于是太阳日报的记者礼英--秀情的女儿，在报上指责殷雅梨莹。  而礼英即将与太阳日报总经理的儿子宙王结婚，正当沉浸在对玫瑰般未来的憧憬中，宙王却爱上了众人讨厌的剧作家殷雅梨莹。  宙王对殷雅梨莹的表白，让礼英痛苦不堪、伤心欲绝，而看着女儿这般的难过，殷津叶和秀情更加伤心，原来殷雅梨莹是津叶和前妻京惠所生，和礼英是同父异母的姊妹。  当年津叶抛弃了妻子和年幼的女儿  ]]></Ldesc>
<BIUrl><![CDATA[http://image1.webscache.com/baike/haibao/small/2007-10/202560274-147-2007-10-25%2014-50-04.jpg]]></BIUrl>
<SIUrl><![CDATA[http://image1.webscache.com/baike/haibao/navi/2007-10/202560274-147-2007-10-25%2014-50-04.jpg]]></SIUrl>
<CN><![CDATA[1]]></CN>
<BKID><![CDATA[202560274]]></BKID>
<Down>
<Url>
<ID><![CDATA[147489]]></ID>
<CI><![CDATA[1]]></CI>
<Size><![CDATA[118]]></Size>
<LT><![CDATA[41]]></LT>
<Form><![CDATA[rmvb]]></Form>
<Rate><![CDATA[395]]></Rate>
<DUrl><![CDATA[pps://n26ae4gqeb33vird2aqa.pps/%C8%CB%D3%E3%D0%A1%BD%E3vip-03.rmvb]]></DUrl>
<VF><![CDATA[0]]></VF>
<Points><![CDATA[0]]></Points>
</Url>
</Down>
</Film>
<Film>
<Title><![CDATA[人鱼小姐-005  ]]></Title>	
<Dirt><![CDATA[李珠环  ]]></Dirt>
<Actor><![CDATA[张瑞希,金成民/金成珉/金成泽,高斗心,郑宝石,禹喜珍/禹熙真/于熙珍,李在恩,郑英淑,朴根亨/朴根炯,韩慧淑  ]]></Actor>
<Area><![CDATA[韩国  ]]></Area>
<Size><![CDATA[115  ]]></Size>
<PT><![CDATA[2009-04-29 12:25:16]]></PT>
<LT><![CDATA[40]]></LT>
<Lang><![CDATA[]]></Lang>
<Score><![CDATA[8.6]]></Score>
<Desc><![CDATA[张瑞希化身复仇女神,徘徊在爱情的复仇之间.]]></Desc>
<Ldesc><![CDATA[殷雅梨莹以首部电视剧一夜成名的作家，在她执笔的下一部电视剧，她向导演要求剧中女主角要由沈秀情来演出。两人却对内容的意见不一，产生了矛盾与不快；于是太阳日报的记者礼英--秀情的女儿，在报上指责殷雅梨莹。  而礼英即将与太阳日报总经理的儿子宙王结婚，正当沉浸在对玫瑰般未来的憧憬中，宙王却爱上了众人讨厌的剧作家殷雅梨莹。  宙王对殷雅梨莹的表白，让礼英痛苦不堪、伤心欲绝，而看着女儿这般的难过，殷津叶和秀情更加伤心，原来殷雅梨莹是津叶和前妻京惠所生，和礼英是同父异母的姊妹。  当年津叶抛弃了妻子和年幼的女儿  ]]></Ldesc>
<BIUrl><![CDATA[http://image1.webscache.com/baike/haibao/small/2007-10/202560274-147-2007-10-25%2014-50-04.jpg]]></BIUrl>
<SIUrl><![CDATA[http://image1.webscache.com/baike/haibao/navi/2007-10/202560274-147-2007-10-25%2014-50-04.jpg]]></SIUrl>
<CN><![CDATA[1]]></CN>
<BKID><![CDATA[202560274]]></BKID>
<Down>
<Url>
<ID><![CDATA[147482]]></ID>
<CI><![CDATA[1]]></CI>
<Size><![CDATA[115]]></Size>
<LT><![CDATA[39]]></LT>
<Form><![CDATA[rmvb]]></Form>
<Rate><![CDATA[395]]></Rate>
<DUrl><![CDATA[pps://oeiyzzoqedndycmv2aqa.pps/%C8%CB%D3%E3%D0%A1%BD%E3vip-05.rmvb]]></DUrl>
<VF><![CDATA[0]]></VF>
<Points><![CDATA[0]]></Points>
</Url>
</Down>
</Film>
<Film>
<Title><![CDATA[人鱼小姐-001  ]]></Title>	
<Dirt><![CDATA[李珠环  ]]></Dirt>
<Actor><![CDATA[张瑞希,金成民/金成珉/金成泽,高斗心,郑宝石,禹喜珍/禹熙真/于熙珍,李在恩,郑英淑,朴根亨/朴根炯,韩慧淑  ]]></Actor>
<Area><![CDATA[韩国  ]]></Area>
<Size><![CDATA[113  ]]></Size>
<PT><![CDATA[2009-04-29 12:05:17]]></PT>
<LT><![CDATA[39]]></LT>
<Lang><![CDATA[]]></Lang>
<Score><![CDATA[8.6]]></Score>
<Desc><![CDATA[张瑞希化身复仇女神,徘徊在爱情的复仇之间.]]></Desc>
<Ldesc><![CDATA[殷雅梨莹以首部电视剧一夜成名的作家，在她执笔的下一部电视剧，她向导演要求剧中女主角要由沈秀情来演出。两人却对内容的意见不一，产生了矛盾与不快；于是太阳日报的记者礼英--秀情的女儿，在报上指责殷雅梨莹。  而礼英即将与太阳日报总经理的儿子宙王结婚，正当沉浸在对玫瑰般未来的憧憬中，宙王却爱上了众人讨厌的剧作家殷雅梨莹。  宙王对殷雅梨莹的表白，让礼英痛苦不堪、伤心欲绝，而看着女儿这般的难过，殷津叶和秀情更加伤心，原来殷雅梨莹是津叶和前妻京惠所生，和礼英是同父异母的姊妹。  当年津叶抛弃了妻子和年幼的女儿  ]]></Ldesc>
<BIUrl><![CDATA[http://image1.webscache.com/baike/haibao/small/2007-10/202560274-147-2007-10-25%2014-50-04.jpg]]></BIUrl>
<SIUrl><![CDATA[http://image1.webscache.com/baike/haibao/navi/2007-10/202560274-147-2007-10-25%2014-50-04.jpg]]></SIUrl>
<CN><![CDATA[1]]></CN>
<BKID><![CDATA[202560274]]></BKID>
<Down>
<Url>
<ID><![CDATA[147449]]></ID>
<CI><![CDATA[1]]></CI>
<Size><![CDATA[113]]></Size>
<LT><![CDATA[39]]></LT>
<Form><![CDATA[rmvb]]></Form>
<Rate><![CDATA[395]]></Rate>
<DUrl><![CDATA[pps://hwsjlmgqeb6s4kaz2aqa.pps/%C8%CB%D3%E3%D0%A1%BD%E3vip-01.rmvb]]></DUrl>
<VF><![CDATA[0]]></VF>
<Points><![CDATA[0]]></Points>
</Url>
</Down>
</Film>
</FilmData>